[    0.000000] Initializing cgroup subsys cpuset
[    0.000000] Initializing cgroup subsys cpu
[    0.000000] Initializing cgroup subsys cpuacct
[    0.000000] Linux version 4.4.0-210-generic (buildd@lgw01-amd64-037) (gcc version 5.4.0 20160609 (Ubuntu 5.4.0-6ubuntu1~16.04.12) ) #242-Ubuntu SMP Fri Apr 16 09:57:00 UTC 2021 (Ubuntu 4.4.0-210.242-generic 4.4.262)
[    0.000000] KERNEL supported cpus:
[    0.000000]   Intel GenuineIntel
[    0.000000]   AMD AuthenticAMD
[    0.000000]   NSC Geode by NSC
[    0.000000]   Cyrix CyrixInstead
[    0.000000]   Centaur CentaurHauls
[    0.000000]   Transmeta GenuineTMx86
[    0.000000]   Transmeta TransmetaCPU
[    0.000000]   UMC UMC UMC UMC
[    0.000000] x86/fpu: xstate_offset[2]:  576, xstate_sizes[2]:  256
[    0.000000] x86/fpu: Supporting XSAVE feature 0x01: 'x87 floating point registers'
[    0.000000] x86/fpu: Supporting XSAVE feature 0x02: 'SSE registers'
[    0.000000] x86/fpu: Supporting XSAVE feature 0x04: 'AVX registers'
[    0.000000] x86/fpu: Enabled xstate features 0x7, context size is 832 bytes, using 'standard' format.
[    0.000000] e820: BIOS-provided physical RAM map:
[    0.000000] BIOS-e820: [mem 0x0000000000000000-0x000000000009fbff] usable
[    0.000000] BIOS-e820: [mem 0x000000000009fc00-0x000000000009ffff] reserved
[    0.000000] BIOS-e820: [mem 0x00000000000f0000-0x00000000000fffff] reserved
[    0.000000] BIOS-e820: [mem 0x0000000000100000-0x000000003ffeffff] usable
[    0.000000] BIOS-e820: [mem 0x000000003fff0000-0x000000003fffffff] ACPI data
[    0.000000] BIOS-e820: [mem 0x00000000fec00000-0x00000000fec00fff] reserved
[    0.000000] BIOS-e820: [mem 0x00000000fee00000-0x00000000fee00fff] reserved
[    0.000000] BIOS-e820: [mem 0x00000000fffc0000-0x00000000ffffffff] reserved
[    0.000000] NX (Execute Disable) protection: active
[    0.000000] SMBIOS 2.5 present.
[    0.000000] Hypervisor detected: KVM
[    0.000000] e820: last_pfn = 0x3fff0 max_arch_pfn = 0x1000000
[    0.000000] MTRR: Disabled
[    0.000000] x86/PAT: MTRRs disabled, skipping PAT initialization too.
[    0.000000] CPU MTRRs all blank - virtualized system.
[    0.000000] x86/PAT: Configuration [0-7]: WB  WT  UC- UC  WB  WT  UC- UC  
[    0.000000] found SMP MP-table at [mem 0x0009fff0-0x0009ffff] mapped at [c009fff0]
[    0.000000] Scanning 1 areas for low memory corruption
[    0.000000] RAMDISK: [mem 0x36256000-0x37122fff]
[    0.000000] ACPI: Early table checksum verification disabled
[    0.000000] ACPI: RSDP 0x00000000000E0000 000024 (v02 VBOX  )
[    0.000000] ACPI: XSDT 0x000000003FFF0030 00003C (v01 VBOX   VBOXXSDT 00000001 ASL  00000061)
[    0.000000] ACPI: FACP 0x000000003FFF00F0 0000F4 (v04 VBOX   VBOXFACP 00000001 ASL  00000061)
[    0.000000] ACPI: DSDT 0x000000003FFF0470 002325 (v02 VBOX   VBOXBIOS 00000002 INTL 20100528)
[    0.000000] ACPI: FACS 0x000000003FFF0200 000040
[    0.000000] ACPI: FACS 0x000000003FFF0200 000040
[    0.000000] ACPI: APIC 0x000000003FFF0240 00005C (v02 VBOX   VBOXAPIC 00000001 ASL  00000061)
[    0.000000] ACPI: SSDT 0x000000003FFF02A0 0001CC (v01 VBOX   VBOXCPUT 00000002 INTL 20100528)
[    0.000000] 131MB HIGHMEM available.
[    0.000000] 891MB LOWMEM available.
[    0.000000]   mapped low ram: 0 - 37bfe000
[    0.000000]   low ram: 0 - 37bfe000
[    0.000000] kvm-clock: Using msrs 4b564d01 and 4b564d00
[    0.000000] kvm-clock: cpu 0, msr 0:37bfd001, primary cpu clock
[    0.000000] kvm-clock: using sched offset of 4332871339 cycles
[    0.000000] clocksource: kvm-clock: mask: 0xffffffffffffffff max_cycles: 0x1cd42e4dffb, max_idle_ns: 881590591483 ns
[    0.000000] Zone ranges:
[    0.000000]   DMA      [mem 0x0000000000001000-0x0000000000ffffff]
[    0.000000]   Normal   [mem 0x0000000001000000-0x0000000037bfdfff]
[    0.000000]   HighMem  [mem 0x0000000037bfe000-0x000000003ffeffff]
[    0.000000] Movable zone start for each node
[    0.000000] Early memory node ranges
[    0.000000]   node   0: [mem 0x0000000000001000-0x000000000009efff]
[    0.000000]   node   0: [mem 0x0000000000100000-0x000000003ffeffff]
[    0.000000] Initmem setup node 0 [mem 0x0000000000001000-0x000000003ffeffff]
[    0.000000] Using APIC driver default
[    0.000000] ACPI: PM-Timer IO Port: 0x4008
[    0.000000] IOAPIC[0]: apic_id 2, version 32, address 0xfec00000, GSI 0-23
[    0.000000] ACPI: INT_SRC_OVR (bus 0 bus_irq 0 global_irq 2 dfl dfl)
[    0.000000] ACPI: INT_SRC_OVR (bus 0 bus_irq 9 global_irq 9 low level)
[    0.000000] Using ACPI (MADT) for SMP configuration information
[    0.000000] smpboot: Allowing 2 CPUs, 0 hotplug CPUs
[    0.000000] PM: Registered nosave memory: [mem 0x00000000-0x00000fff]
[    0.000000] PM: Registered nosave memory: [mem 0x0009f000-0x0009ffff]
[    0.000000] PM: Registered nosave memory: [mem 0x000a0000-0x000effff]
[    0.000000] PM: Registered nosave memory: [mem 0x000f0000-0x000fffff]
[    0.000000] e820: [mem 0x40000000-0xfebfffff] available for PCI devices
[    0.000000] Booting paravirtualized kernel on KVM
[    0.000000] clocksource: refined-jiffies: mask: 0xffffffff max_cycles: 0xffffffff, max_idle_ns: 7645519600211568 ns
[    0.000000] setup_percpu: NR_CPUS:8 nr_cpumask_bits:8 nr_cpu_ids:2 nr_node_ids:1
[    0.000000] PERCPU: Embedded 18 pages/cpu @f71b2000 s42956 r0 d30772 u73728
[    0.000000] Built 1 zonelists in Zone order, mobility grouping on.  Total pages: 259800
[    0.000000] Kernel command line: BOOT_IMAGE=/boot/vmlinuz-4.4.0-210-generic root=LABEL=cloudimg-rootfs ro console=tty1 console=ttyS0
[    0.000000] PID hash table entries: 4096 (order: 2, 16384 bytes)
[    0.000000] Dentry cache hash table entries: 131072 (order: 7, 524288 bytes)
[    0.000000] Inode-cache hash table entries: 65536 (order: 6, 262144 bytes)
[    0.000000] Initializing CPU#0
[    0.000000] Initializing HighMem for node 0 (00037bfe:0003fff0)
[    0.000000] Initializing Movable for node 0 (00000000:00000000)
[    0.000000] Memory: 1007596K/1048120K available (8151K kernel code, 787K rwdata, 3216K rodata, 944K init, 724K bss, 40524K reserved, 0K cma-reserved, 135112K highmem)
[    0.000000] virtual kernel memory layout:
[    0.000000]     fixmap  : 0xfff15000 - 0xfffff000   ( 936 kB)
[    0.000000]     pkmap   : 0xffc00000 - 0xffe00000   (2048 kB)
[    0.000000]     vmalloc : 0xf83fe000 - 0xffbfe000   ( 120 MB)
[    0.000000]     lowmem  : 0xc0000000 - 0xf7bfe000   ( 891 MB)
[    0.000000]       .init : 0xc1be2000 - 0xc1cce000   ( 944 kB)
[    0.000000]       .data : 0xc17f61b8 - 0xc1be0d40   (4010 kB)
[    0.000000]       .text : 0xc1000000 - 0xc17f61b8   (8152 kB)
[    0.000000] Checking if this processor honours the WP bit even in supervisor mode...Ok.
[    0.000000] SLUB: HWalign=64, Order=0-3, MinObjects=0, CPUs=2, Nodes=1
[    0.000000] Hierarchical RCU implementation.
[    0.000000] 	Build-time adjustment of leaf fanout to 32.
[    0.000000] 	RCU restricting CPUs from NR_CPUS=8 to nr_cpu_ids=2.
[    0.000000] RCU: Adjusting geometry for rcu_fanout_leaf=32, nr_cpu_ids=2
[    0.000000] NR_IRQS:2304 nr_irqs:440 16
[    0.000000] Console: colour VGA+ 80x25
[    0.000000] console [tty1] enabled
[    0.000000] console [ttyS0] enabled
[    0.000000] allocated 1048576 bytes of page_ext
[    0.000000] tsc: Detected 3192.000 MHz processor
[    0.234265] Calibrating delay loop (skipped) preset value.. 6384.00 BogoMIPS (lpj=12768000)
[    0.236478] pid_max: default: 32768 minimum: 301
[    0.237675] ACPI: Core revision 20150930
[    0.240462] ACPI: 2 ACPI AML tables successfully acquired and loaded
[    0.242351] Security Framework initialized
[    0.243450] Yama: becoming mindful.
[    0.244474] AppArmor: AppArmor initialized
[    0.245724] Mount-cache hash table entries: 2048 (order: 1, 8192 bytes)
[    0.247339] Mountpoint-cache hash table entries: 2048 (order: 1, 8192 bytes)
[    0.249467] Initializing cgroup subsys io
[    0.250552] Initializing cgroup subsys memory
[    0.251729] Initializing cgroup subsys devices
[    0.252925] Initializing cgroup subsys freezer
[    0.254078] Initializing cgroup subsys net_cls
[    0.255196] Initializing cgroup subsys perf_event
[    0.256377] Initializing cgroup subsys net_prio
[    0.257650] Initializing cgroup subsys hugetlb
[    0.258803] Initializing cgroup subsys pids
[    0.262110] mce: CPU supports 0 MCE banks
[    0.263295] Last level iTLB entries: 4KB 128, 2MB 8, 4MB 8
[    0.264693] Last level dTLB entries: 4KB 64, 2MB 0, 4MB 0, 1GB 4
[    0.266411] Spectre V1 : Mitigation: usercopy/swapgs barriers and __user pointer sanitization
[    0.268663] Spectre V2 : Mitigation: Full generic retpoline
[    0.270222] Spectre V2 : Spectre v2 / SpectreRSB mitigation: Filling RSB on context switch
[    0.272535] Speculative Store Bypass: Vulnerable
[    0.273935] SRBDS: Unknown: Dependent on hypervisor status
[    0.275486] MDS: Vulnerable: Clear CPU buffers attempted, no microcode
[    0.281999] Freeing SMP alternatives memory: 36K
[    0.290466] ftrace: allocating 31668 entries in 62 pages
[    0.373690] smpboot: APIC(0) Converting physical 0 to logical package 0
[    0.375651] smpboot: Max logical packages: 1
[    0.377001] Enabling APIC mode:  Flat.  Using 1 I/O APICs
[    0.380609] ..TIMER: vector=0x30 apic1=0 pin1=2 apic2=-1 pin2=-1
[    0.490561] smpboot: CPU0: Intel(R) Core(TM) i5-6500 CPU @ 3.20GHz (family: 0x6, model: 0x5e, stepping: 0x3)
[    0.493771] Performance Events: unsupported p6 CPU model 94 no PMU driver, software events only.
[    0.508601] KVM setup paravirtual spinlock
[    0.510865] x86: Booting SMP configuration:
[    0.512112] .... node  #0, CPUs:      #1
[1266874885.376680] Initializing CPU#1
[    0.514045] kvm-clock: cpu 1, msr 0:37bfd041, secondary cpu clock
[    0.517116] mce: CPU supports 0 MCE banks
[    0.519768] x86: Booted up 1 node, 2 CPUs
[    0.521416] smpboot: Total of 2 processors activated (12768.00 BogoMIPS)
[    0.523913] devtmpfs: initialized
[    0.525249] evm: security.selinux
[    0.526302] evm: security.SMACK64
[    0.527242] evm: security.SMACK64EXEC
[    0.528273] evm: security.SMACK64TRANSMUTE
[    0.529497] evm: security.SMACK64MMAP
[    0.530623] evm: security.ima
[    0.531581] evm: security.capability
[    0.532951] clocksource: jiffies: mask: 0xffffffff max_cycles: 0xffffffff, max_idle_ns: 7645041785100000 ns
[    0.535331] futex hash table entries: 512 (order: 3, 32768 bytes)
[    0.536929] pinctrl core: initialized pinctrl subsystem
[    0.538516] RTC time: 16:04:14, date: 05/14/22
[    0.539911] NET: Registered protocol family 16
[    0.541246] EISA bus registered
[    0.551200] cpuidle: using governor ladder
[    0.563873] cpuidle: using governor menu
[    0.565024] PCCT header not found.
[    0.580876] ACPI: bus type PCI registered
[    0.582173] acpiphp: ACPI Hot Plug PCI Controller Driver version: 0.5
[    0.584221] PCI : PCI BIOS area is rw and x. Use pci=nobios if you want it NX.
[    0.586542] PCI: PCI BIOS revision 2.10 entry at 0xfda26, last bus=0
[    0.588258] PCI: Using configuration type 1 for base access
[    0.603936] ACPI: Added _OSI(Module Device)
[    0.605048] ACPI: Added _OSI(Processor Device)
[    0.606427] ACPI: Added _OSI(3.0 _SCP Extensions)
[    0.607780] ACPI: Added _OSI(Processor Aggregator Device)
[    0.610093] ACPI: Executed 1 blocks of module-level executable AML code
[    0.614390] ACPI: Interpreter enabled
[    0.615455] ACPI: (supports S0 S5)
[    0.616526] ACPI: Using IOAPIC for interrupt routing
[    0.633397] PCI: Using host bridge windows from ACPI; if necessary, use "pci=nocrs" and report a bug
[    0.640913] ACPI: PCI Root Bridge [PCI0] (domain 0000 [bus 00-ff])
[    0.642545] acpi PNP0A03:00: _OSC: OS supports [ASPM ClockPM Segments MSI]
[    0.644487] acpi PNP0A03:00: _OSC: not requesting OS control; OS requires [ExtendedConfig ASPM ClockPM MSI]
[    0.646926] acpi PNP0A03:00: fail to add MMCONFIG information, can't access extended PCI configuration space under this bridge.
[    0.650032] PCI host bridge to bus 0000:00
[    0.651093] pci_bus 0000:00: root bus resource [io  0x0000-0x0cf7 window]
[    0.652761] pci_bus 0000:00: root bus resource [io  0x0d00-0xffff window]
[    0.654369] pci_bus 0000:00: root bus resource [mem 0x000a0000-0x000bffff window]
[    0.656433] pci_bus 0000:00: root bus resource [mem 0x40000000-0xfdffffff window]
[    0.658432] pci_bus 0000:00: root bus resource [bus 00-ff]
[    0.662240] pci 0000:00:01.1: legacy IDE quirk: reg 0x10: [io  0x01f0-0x01f7]
[    0.663954] pci 0000:00:01.1: legacy IDE quirk: reg 0x14: [io  0x03f6]
[    0.665508] pci 0000:00:01.1: legacy IDE quirk: reg 0x18: [io  0x0170-0x0177]
[    0.667184] pci 0000:00:01.1: legacy IDE quirk: reg 0x1c: [io  0x0376]
[    0.689542] pci 0000:00:07.0: quirk: [io  0x4000-0x403f] claimed by PIIX4 ACPI
[    0.691676] pci 0000:00:07.0: quirk: [io  0x4100-0x410f] claimed by PIIX4 SMB
[    0.700567] ACPI: PCI Interrupt Link [LNKA] (IRQs 5 9 10 *11)
[    0.702879] ACPI: PCI Interrupt Link [LNKB] (IRQs 5 9 *10 11)
[    0.705011] ACPI: PCI Interrupt Link [LNKC] (IRQs 5 *9 10 11)
[    0.707062] ACPI: PCI Interrupt Link [LNKD] (IRQs 5 9 10 *11)
[    0.709234] ACPI: Enabled 2 GPEs in block 00 to 07
[    0.710970] vgaarb: setting as boot device: PCI:0000:00:02.0
[    0.712382] vgaarb: device added: PCI:0000:00:02.0,decodes=io+mem,owns=io+mem,locks=none
[    0.714506] vgaarb: loaded
[    0.715300] vgaarb: bridge control possible 0000:00:02.0
[    0.716841] SCSI subsystem initialized
[    0.718017] ACPI: bus type USB registered
[    0.719096] usbcore: registered new interface driver usbfs
[    0.720522] usbcore: registered new interface driver hub
[    0.722006] usbcore: registered new device driver usb
[    0.723796] PCI: Using ACPI for IRQ routing
[    0.725291] NetLabel: Initializing
[    0.726324] NetLabel:  domain hash size = 128
[    0.727471] NetLabel:  protocols = UNLABELED CIPSOv4
[    0.728813] NetLabel:  unlabeled traffic allowed by default
[    0.730494] amd_nb: Cannot enumerate AMD northbridges
[    0.731866] clocksource: Switched to clocksource kvm-clock
[    0.742802] AppArmor: AppArmor Filesystem Enabled
[    0.744036] pnp: PnP ACPI init
[    0.745980] pnp: PnP ACPI: found 3 devices
[    0.747053] PnPBIOS: Disabled by ACPI PNP
[    0.791417] clocksource: acpi_pm: mask: 0xffffff max_cycles: 0xffffff, max_idle_ns: 2085701024 ns
[    0.793853] NET: Registered protocol family 2
[    0.795266] TCP established hash table entries: 8192 (order: 3, 32768 bytes)
[    0.797175] TCP bind hash table entries: 8192 (order: 4, 65536 bytes)
[    0.798723] TCP: Hash tables configured (established 8192 bind 8192)
[    0.800387] UDP hash table entries: 512 (order: 2, 16384 bytes)
[    0.801933] UDP-Lite hash table entries: 512 (order: 2, 16384 bytes)
[    0.803635] NET: Registered protocol family 1
[    0.804922] pci 0000:00:00.0: Limiting direct PCI/PCI transfers
[    0.806522] pci 0000:00:01.0: Activating ISA DMA hang workarounds
[    0.808273] Unpacking initramfs...
[    1.136403] Freeing initrd memory: 15156K
[    1.137852] clocksource: tsc: mask: 0xffffffffffffffff max_cycles: 0x2e02c4a121d, max_idle_ns: 440795236083 ns
[    1.143623] platform rtc_cmos: registered platform RTC device (no PNP device found)
[    1.145601] Scanning for low memory corruption every 60 seconds
[    1.147535] audit: initializing netlink subsys (disabled)
[    1.149087] audit: type=2000 audit(1652544260.691:1): initialized
[    1.150984] Initialise system trusted keyring
[    1.152621] HugeTLB registered 2 MB page size, pre-allocated 0 pages
[    1.155707] zbud: loaded
[    1.157023] VFS: Disk quotas dquot_6.6.0
[    1.158287] VFS: Dquot-cache hash table entries: 1024 (order 0, 4096 bytes)
[    1.160521] squashfs: version 4.0 (2009/01/31) Phillip Lougher
[    1.162526] fuse init (API version 7.23)
[    1.164145] Key type big_key registered
[    1.165555] Allocating IMA MOK and blacklist keyrings.
[    1.169588] Key type asymmetric registered
[    1.170633] Asymmetric key parser 'x509' registered
[    1.171814] bounce: pool size: 64 pages
[    1.172873] Block layer SCSI generic (bsg) driver version 0.4 loaded (major 249)
[    1.174829] io scheduler noop registered
[    1.176128] io scheduler deadline registered (default)
[    1.177479] io scheduler cfq registered
[    1.178664] pci_hotplug: PCI Hot Plug PCI Core version: 0.5
[    1.180063] pciehp: PCI Express Hot Plug Controller Driver version: 0.4
[    1.181997] ACPI: AC Adapter [AC] (on-line)
[    1.183373] input: Power Button as /devices/LNXSYSTM:00/LNXPWRBN:00/input/input0
[    1.185656] ACPI: Power Button [PWRF]
[    1.186923] input: Sleep Button as /devices/LNXSYSTM:00/LNXSLPBN:00/input/input1
[    1.189246] ACPI: Sleep Button [SLPF]
[    1.190799] GHES: HEST is not enabled!
[    1.192072] isapnp: Scanning for PnP cards...
[    1.196083] Serial: 8250/16550 driver, 32 ports, IRQ sharing enabled
[    1.218509] 00:02: ttyS0 at I/O 0x3f8 (irq = 4, base_baud = 115200) is a 16550A
[    1.221913] Linux agpgart interface v0.103
[    1.224474] loop: module loaded
[    1.226127] scsi host0: ata_piix
[    1.227099] scsi host1: ata_piix
[    1.228222] ata1: PATA max UDMA/33 cmd 0x1f0 ctl 0x3f6 bmdma 0xd000 irq 14
[    1.229937] ata2: PATA max UDMA/33 cmd 0x170 ctl 0x376 bmdma 0xd008 irq 15
[    1.231787] libphy: Fixed MDIO Bus: probed
[    1.232961] tun: Universal TUN/TAP device driver, 1.6
[    1.234278] tun: (C) 1999-2004 Max Krasnyansky <maxk@qualcomm.com>
[    1.235950] PPP generic driver version 2.4.2
[    1.237345] ehci_hcd: USB 2.0 'Enhanced' Host Controller (EHCI) Driver
[    1.238951] ehci-pci: EHCI PCI platform driver
[    1.240235] ehci-platform: EHCI generic platform driver
[    1.241640] ohci_hcd: USB 1.1 'Open' Host Controller (OHCI) Driver
[    1.243640] ohci-pci: OHCI PCI platform driver
[    1.244931] ohci-platform: OHCI generic platform driver
[    1.246297] uhci_hcd: USB Universal Host Controller Interface driver
[    1.247932] i8042: PNP: PS/2 Controller [PNP0303:PS2K,PNP0f03:PS2M] at 0x60,0x64 irq 1,12
[    1.251046] serio: i8042 KBD port at 0x60,0x64 irq 1
[    1.252389] serio: i8042 AUX port at 0x60,0x64 irq 12
[    1.253821] mousedev: PS/2 mouse device common for all mice
[    1.255746] rtc_cmos rtc_cmos: rtc core: registered rtc_cmos as rtc0
[    1.257404] input: AT Translated Set 2 keyboard as /devices/platform/i8042/serio0/input/input2
[    1.259804] rtc_cmos rtc_cmos: alarms up to one day, 114 bytes nvram
[    1.261487] i2c /dev entries driver
[    1.262590] device-mapper: uevent: version 1.0.3
[    1.263869] device-mapper: ioctl: 4.34.0-ioctl (2015-10-28) initialised: dm-devel@redhat.com
[    1.266138] platform eisa.0: Probing EISA bus 0
[    1.267309] platform eisa.0: EISA: Cannot allocate resource for mainboard
[    1.268869] platform eisa.0: Cannot allocate resource for EISA slot 1
[    1.270428] platform eisa.0: Cannot allocate resource for EISA slot 2
[    1.272145] platform eisa.0: Cannot allocate resource for EISA slot 3
[    1.273646] platform eisa.0: Cannot allocate resource for EISA slot 4
[    1.275247] platform eisa.0: Cannot allocate resource for EISA slot 5
[    1.276770] platform eisa.0: Cannot allocate resource for EISA slot 6
[    1.278333] platform eisa.0: Cannot allocate resource for EISA slot 7
[    1.279854] platform eisa.0: Cannot allocate resource for EISA slot 8
[    1.281396] platform eisa.0: EISA: Detected 0 cards
[    1.282693] cpufreq-nforce2: No nForce2 chipset.
[    1.283898] ledtrig-cpu: registered to indicate activity on CPUs
[    1.285619] NET: Registered protocol family 10
[    1.286948] NET: Registered protocol family 17
[    1.288399] Key type dns_resolver registered
[    1.289654] Using IPI No-Shortcut mode
[    1.290734] registered taskstats version 1
[    1.291803] Loading compiled-in X.509 certificates
[    1.295037] Loaded X.509 cert 'Build time autogenerated kernel key: 20ac0ed02049a72ce76c079ea50dd43d3ac5969c'
[    1.297739] zswap: loaded using pool lzo/zbud
[    1.300783] Key type trusted registered
[    1.304371] Key type encrypted registered
[    1.305425] AppArmor: AppArmor sha1 policy hashing enabled
[    1.306711] ima: No TPM chip found, activating TPM-bypass!
[    1.308016] ima: Allocated hash algorithm: sha1
[    1.309194] evm: HMAC attrs: 0x1
[    1.310323]   Magic number: 6:256:85
[    1.311362] rtc_cmos rtc_cmos: setting system clock to 2022-05-14 16:04:15 UTC (1652544255)
[    1.313565] BIOS EDD facility v0.16 2004-Jun-25, 0 devices found
[    1.314919] EDD information not available.
[    1.553232] isapnp: No Plug & Play device found
[    1.554969] Freeing unused kernel memory: 944K
[    1.661694] Write protecting the kernel text: 8156k
[    1.663395] Write protecting the kernel read-only data: 3220k
[    1.664824] NX-protecting the kernel data: 6180k
Loading, please wait...
starting version 229
[    1.680999] random: systemd-udevd: uninitialized urandom read (16 bytes read, 0 bits of entropy available)
[    1.681415] random: udevadm: uninitialized urandom read (16 bytes read, 0 bits of entropy available)
[    1.685622] random: systemd-udevd: uninitialized urandom read (16 bytes read, 0 bits of entropy available)
[    1.688039] random: systemd-udevd: uninitialized urandom read (16 bytes read, 0 bits of entropy available)
[    1.692620] random: udevadm: uninitialized urandom read (16 bytes read, 0 bits of entropy available)
[    1.694788] random: systemd-udevd: uninitialized urandom read (16 bytes read, 0 bits of entropy available)
[    1.710149] random: udevadm: uninitialized urandom read (16 bytes read, 0 bits of entropy available)
[    1.712665] random: udevadm: uninitialized urandom read (16 bytes read, 0 bits of entropy available)
[    1.714935] random: udevadm: uninitialized urandom read (16 bytes read, 0 bits of entropy available)
[    1.717244] random: udevadm: uninitialized urandom read (16 bytes read, 0 bits of entropy available)
[    1.746809] e1000: Intel(R) PRO/1000 Network Driver - version 7.3.21-k8-NAPI
[    1.748455] e1000: Copyright (c) 1999-2006 Intel Corporation.
[    1.750669] Fusion MPT base driver 3.04.20
[    1.751723] Copyright (c) 1999-2008 LSI Corporation
[    1.764695] [drm] Initialized drm 1.1.0 20060810
[    1.783931] vboxvideo: loading out-of-tree module taints kernel.
[    1.785343] vboxvideo: module verification failed: signature and/or required key missing - tainting kernel
[    1.788480] vboxvideo: loading version 6.1.34 r150636
[    1.795095] Fusion MPT SPI Host driver 3.04.20
[    1.961673] input: ImExPS/2 Generic Explorer Mouse as /devices/platform/i8042/serio1/input/input4
[    2.158817] e1000 0000:00:03.0 eth0: (PCI:33MHz:32-bit) 02:4c:f1:9f:ae:47
[    2.160714] e1000 0000:00:03.0 eth0: Intel(R) PRO/1000 Network Connection
[    2.164543] e1000 0000:00:03.0 enp0s3: renamed from eth0
[    2.166247] [drm] VRAM 01000000
[    2.167457] [TTM] Zone  kernel: Available graphics memory: 444310 kiB
[    2.169064] [TTM] Zone highmem: Available graphics memory: 511866 kiB
[    2.170560] [TTM] Initializing pool allocator
[    2.171662] [TTM] Initializing DMA pool allocator
[    2.174764] fbcon: vboxdrmfb (fb0) is primary device
[    2.182872] Console: switching to colour frame buffer device 100x37
[    2.185952] vboxvideo 0000:00:02.0: fb0: vboxdrmfb frame buffer device
[    2.196094] [drm] Initialized vboxvideo 1.0.0 20130823 for 0000:00:02.0 on minor 0
[    2.198774] mptbase: ioc0: Initiating bringup
[    2.264681] ioc0: LSI53C1030 A0: Capabilities={Initiator}
[    2.430021] scsi host2: ioc0: LSI53C1030 A0, FwRev=00000000h, Ports=1, MaxQ=256, IRQ=20
[    2.540315] scsi 2:0:0:0: Direct-Access     VBOX     HARDDISK         1.0  PQ: 0 ANSI: 5
[    2.542169] scsi target2:0:0: Beginning Domain Validation
[    2.544779] scsi target2:0:0: Domain Validation skipping write tests
[    2.545884] scsi target2:0:0: Ending Domain Validation
[    2.546763] scsi target2:0:0: asynchronous
[    2.548053] scsi 2:0:1:0: Direct-Access     VBOX     HARDDISK         1.0  PQ: 0 ANSI: 5
[    2.549543] scsi target2:0:1: Beginning Domain Validation
[    2.551884] scsi target2:0:1: Domain Validation skipping write tests
[    2.553773] scsi target2:0:1: Ending Domain Validation
[    2.555466] scsi target2:0:1: asynchronous
[    2.564896] sd 2:0:0:0: [sda] 83886080 512-byte logical blocks: (42.9 GB/40.0 GiB)
[    2.565087] sd 2:0:0:0: Attached scsi generic sg0 type 0
[    2.565314] sd 2:0:1:0: Attached scsi generic sg1 type 0
[    2.565738] sd 2:0:1:0: [sdb] 20480 512-byte logical blocks: (10.5 MB/10.0 MiB)
[    2.565990] sd 2:0:1:0: [sdb] Write Protect is off
[    2.566127] sd 2:0:1:0: [sdb] Incomplete mode parameter data
[    2.566128] sd 2:0:1:0: [sdb] Assuming drive cache: write through
[    2.574487] sd 2:0:0:0: [sda] Write Protect is off
[    2.576179] sd 2:0:0:0: [sda] Incomplete mode parameter data
[    2.577486] sd 2:0:0:0: [sda] Assuming drive cache: write through
[    2.593916]  sda: sda1
[    2.594695] sd 2:0:1:0: [sdb] Attached SCSI disk
[    2.597577] sd 2:0:0:0: [sda] Attached SCSI disk
Begin: Loading essential drivers ... [    2.750238] md: linear personality registered for level -1
[    2.755617] md: multipath personality registered for level -4
[    2.760113] md: raid0 personality registered for level 0
[    2.768014] md: raid1 personality registered for level 1
[    2.843926] raid6: mmxx1    gen()  5273 MB/s
[    2.911917] raid6: mmxx2    gen()  5630 MB/s
[    2.980004] raid6: sse1x1   gen()  5008 MB/s
[    3.047901] raid6: sse1x2   gen()  5588 MB/s
[    3.115933] raid6: sse2x1   gen()  9679 MB/s
[    3.183999] raid6: sse2x1   xor()  7271 MB/s
[    3.251906] raid6: sse2x2   gen() 11808 MB/s
[    3.319955] raid6: sse2x2   xor()  7800 MB/s
[    3.388009] raid6: avx2x1   gen() 19091 MB/s
[    3.456037] raid6: avx2x2   gen() 21381 MB/s
[    3.457138] raid6: using algorithm avx2x2 gen() 21381 MB/s
[    3.458353] raid6: using avx2x1 recovery algorithm
[    3.462911] xor: automatically using best checksumming function:
[    3.503927]    avx       : 23660.000 MB/sec
[    3.507989] async_tx: api initialized (async)
[    3.528081] md: raid6 personality registered for level 6
[    3.529204] md: raid5 personality registered for level 5
[    3.530324] md: raid4 personality registered for level 4
[    3.542076] md: raid10 personality registered for level 10
done.
Begin: Running /scripts/init-premount ... done.
Begin: Mounting root file system ... Begin: Running /scripts/local-top ... done.
Begin: Running /scripts/local-premount ... [    3.592589] Btrfs loaded
Scanning for Btrfs filesystems
done.
Begin: Will now check root file system ... fsck from util-linux 2.27.1
[/sbin/fsck.ext4 (1) -- /dev/sda1] fsck.ext4 -a -C0 /dev/sda1 
cloudimg-rootfs: clean, 77528/5120000 files, 773924/10485499 blocks
done.
[    3.793191] EXT4-fs (sda1): mounted filesystem with ordered data mode. Opts: (null)
done.
Begin: Running /scripts/local-bottom ... done.
Begin: Running /scripts/init-bottom ... done.
[    4.298106] systemd[1]: systemd 229 running in system mode. (+PAM +AUDIT +SELINUX +IMA +APPARMOR +SMACK +SYSVINIT +UTMP +LIBCRYPTSETUP +GCRYPT +GNUTLS +ACL +XZ -LZ4 +SECCOMP +BLKID +ELFUTILS +KMOD -IDN)
[    4.304355] systemd[1]: Detected virtualization oracle.
[    4.306126] systemd[1]: Detected architecture x86.

Welcome to [1mUbuntu 16.04.7 LTS[0m!

[    4.351097] systemd[1]: Set hostname to <ubuntu-xenial>.
[    4.659123] random: nonblocking pool is initialized
[    4.935211] systemd[1]: Created slice System Slice.
[[0;32m  OK  [0m] Created slice System Slice.
[    4.944787] systemd[1]: Listening on Device-mapper event daemon FIFOs.
[[0;32m  OK  [0m] Listening on Device-mapper event daemon FIFOs.
[    4.947834] systemd[1]: Listening on LVM2 metadata daemon socket.
[[0;32m  OK  [0m] Listening on LVM2 metadata daemon socket.
[    4.950483] systemd[1]: Reached target Swap.
[[0;32m  OK  [0m] Reached target Swap.
[    4.952496] systemd[1]: Listening on fsck to fsckd communication Socket.
[[0;32m  OK  [0m] Listening on fsck to fsckd communication Socket.
[    4.955772] systemd[1]: Reached target Encrypted Volumes.
[[0;32m  OK  [0m] Reached target Encrypted Volumes.
[    4.964343] systemd[1]: Listening on Journal Audit Socket.
[[0;32m  OK  [0m] Listening on Journal Audit Socket.
[    4.969725] systemd[1]: Created slice system-serial\x2dgetty.slice.
[[0;32m  OK  [0m] Created slice system-serial\x2dgetty.slice.
[    4.972765] systemd[1]: Created slice User and Session Slice.
[[0;32m  OK  [0m] Created slice User and Session Slice.
[    4.980961] systemd[1]: Set up automount Arbitrary Executable File Formats File System Automount Point.
[[0;32m  OK  [0m] Set up automount Arbitrary Executab...ats File System Automount Point.
[    4.989701] systemd[1]: Listening on /dev/initctl Compatibility Named Pipe.
[[0;32m  OK  [0m] Listening on /dev/initctl Compatibility Named Pipe.
[    4.993140] systemd[1]: Listening on LVM2 poll daemon socket.
[[0;32m  OK  [0m] Listening on LVM2 poll daemon socket.
[    4.995614] systemd[1]: Reached target User and Group Name Lookups.
[[0;32m  OK  [0m] Reached target User and Group Name Lookups.
[    4.998553] systemd[1]: Listening on Journal Socket (/dev/log).
[[0;32m  OK  [0m] Listening on Journal Socket (/dev/log).
[    5.001344] systemd[1]: Started Trigger resolvconf update for networkd DNS.
[[0;32m  OK  [0m] Started Trigger resolvconf update for networkd DNS.
[    5.004086] systemd[1]: Reached target System Time Synchronized.
[[0;32m  OK  [0m] Reached target System Time Synchronized.
[    5.013080] systemd[1]: Listening on Journal Socket.
[[0;32m  OK  [0m] Listening on Journal Socket.
[    5.032488] systemd[1]: Mounting POSIX Message Queue File System...
         Mounting POSIX Message Queue File System...
[    5.050179] systemd[1]: Starting Nameserver information manager...
         Starting Nameserver information manager...
[    5.053471] systemd[1]: Mounting Huge Pages File System...
         Mounting Huge Pages File System...
[    5.056643] systemd[1]: Starting Remount Root and Kernel File Systems...
         Starting Remount Root and Kernel File Systems...
[    5.060612] systemd[1]: Starting Set console keymap...
         Starting Set console keymap...
[    5.064344] systemd[1]: Mounting Debug File System...
         Mounting Debug File System...
[    5.070667] systemd[1]: Starting Create list of required static device nodes for the current kernel...
         Starting Create list of required st... nodes for the current kernel...
[    5.075218] systemd[1]: Starting Monitoring of LVM2 mirrors, snapshots etc. using dmeventd or progress polling...
         Starting Monitoring of LVM2 mirrors... dmeventd or progress polling...
[    5.088199] systemd[1]: Listening on udev Kernel Socket.
[[0;32m  OK  [0m] Listening on udev Kernel Socket.
[    5.091311] systemd[1]: Listening on Syslog Socket.
[[0;32m  OK  [0m] Listening on Syslog Socket.
[    5.120368] systemd[1]: Starting Uncomplicated firewall...
         Starting Uncomplicated firewall...
[    5.122608] systemd[1]: Listening on udev Control Socket.
[[0;32m  OK  [0m] Listening on udev Control Socket.
[    5.126655] systemd[1]: Starting Journal Service...
         Starting Journal Service...
[    5.151079] systemd[1]: Starting Load Kernel Modules...
         Starting Load Kernel Modules...
[    5.153809] systemd[1]: Reached target Slices.
[[0;32m  OK  [0m] Reached target Slices.
[    5.165362] systemd[1]: Started Forward Password Requests to Wall Directory Watch.
[[0;32m  OK  [0m] Started Forward Password Requests to Wall Directory Watch.
[    5.185828] systemd[1]: Started Create list of required static device nodes for the current kernel.
[[0;32m  OK  [0m] Started Create list of required sta...ce nodes for the current kernel.
[    5.192173] systemd[1]: Starting Create Static Device Nodes in /dev...
         Starting Create Static Device Nodes in /dev...
[    5.226767] systemd[1]: Started Uncomplicated firewall.
[[0;32m  OK  [0m] Started Uncomplicated firewall.
[    5.282660] EXT4-fs (sda1): re-mounted. Opts: (null)
[    5.284668] systemd[1]: Mounted Huge Pages File System.
[[0;32m  OK  [0m] Mounted Huge Pages File System.
[    5.290762] systemd[1]: Mounted POSIX Message Queue File System.
[[0;32m  OK  [0m] Mounted POSIX Message Queue File System.
[    5.294315] Loading iSCSI transport class v2.0-870.
[    5.301606] systemd[1]: Mounted Debug File System.
[[0;32m  OK  [0m] Mounted Debug File System.
[    5.316831] systemd[1]: Started Remount Root and Kernel File Systems.
[[0;32m  OK  [0m] Started Remount Root and Kernel File Systems.
[    5.331370] systemd[1]: Starting udev Coldplug all Devices...
         Starting udev Coldplug all Devices...
[    5.335040] systemd[1]: Starting Load/Save Random Seed...
[    5.336659] iscsi: registered transport (tcp)
         Starting Load/Save Random Seed...
[    5.372199] systemd[1]: Started Nameserver information manager.
[[0;32m  OK  [0m] Started Nameserver information manager.
[    5.375345] systemd[1]: Started Journal Service.
[[0;32m  OK  [0m] Started Journal Service.
         Starting Flush Journal to Persistent Storage...
[[0;32m  OK  [0m] Started Load/Save Random Seed.
[[0;32m  OK  [0m] Started udev Coldplug all Devices.
[[0;32m  OK  [0m] Started LVM2 metadata daemon.
[    5.524103] systemd-journald[403]: Received request to flush runtime journal from PID 1
[[0;32m  OK  [0m] Started Set console keymap.
[[0;32m  OK  [0m] Started Flush Journal to Persistent Storage.
[    5.567781] iscsi: registered transport (iser)
[[0;32m  OK  [0m] Started Load Kernel Modules.
         Starting Apply Kernel Variables...
         Mounting FUSE Control File System...
[[0;32m  OK  [0m] Mounted FUSE Control File System.
[[0;32m  OK  [0m] Started Apply Kernel Variables.
[[0;32m  OK  [0m] Started Create Static Device Nodes in /dev.
         Starting udev Kernel Device Manager...
[[0;32m  OK  [0m] Started udev Kernel Device Manager.
[[0;32m  OK  [0m] Started Dispatch Password Requests to Console Directory Watch.
[[0;32m  OK  [0m] Started Monitoring of LVM2 mirrors,...ng dmeventd or progress polling.
[[0;32m  OK  [0m] Reached target Local File Systems (Pre).
[[0;32m  OK  [0m] Reached target Local File Systems.
         Starting Create Volatile Files and Directories...
         Starting Set console font and keymap...
         Starting LSB: AppArmor initialization...
         Starting Initial cloud-init job (pre-networking)...
         Starting Tell Plymouth To Write Out Runtime Data...
[[0;32m  OK  [0m] Found device /dev/ttyS0.
[[0;32m  OK  [0m] Listening on Load/Save RF Kill Switch Status /dev/rfkill Watch.
[[0;32m  OK  [0m] Started Tell Plymouth To Write Out Runtime Data.
[[0;32m  OK  [0m] Started Create Volatile Files and Directories.
         Starting Update UTMP about System Boot/Shutdown...
[[0;32m  OK  [0m] Started Update UTMP about System Boot/Shutdown.
[[0;32m  OK  [0m] Started Set console font and keymap.
[[0;32m  OK  [0m] Created slice system-getty.slice.
[[0;32m  OK  [0m] Started LSB: AppArmor initialization.
         Starting Load AppArmor profiles managed internally by snapd...
[[0;32m  OK  [0m] Started Load AppArmor profiles managed internally by snapd.
[    9.953321] cloud-init[519]: Cloud-init v. 21.1-19-gbad84ad4-0ubuntu1~16.04.2 running 'init-local' at Sat, 14 May 2022 16:04:23 +0000. Up 8.57 seconds.
[[0;32m  OK  [0m] Started Initial cloud-init job (pre-networking).
[[0;32m  OK  [0m] Reached target Network (Pre).
[[0;32m  OK  [0m] Started ifup for enp0s3.
         Starting Raise network interfaces...
[[0;32m  OK  [0m] Started Raise network interfaces.
         Starting Initial cloud-init job (metadata service crawler)...
[[0;32m  OK  [0m] Reached target Network.
[   13.116158] cloud-init[985]: Cloud-init v. 21.1-19-gbad84ad4-0ubuntu1~16.04.2 running 'init' at Sat, 14 May 2022 16:04:25 +0000. Up 11.16 seconds.
[   13.118709] cloud-init[985]: ci-info: ++++++++++++++++++++++++++++++++++++++Net device info++++++++++++++++++++++++++++++++++++++
[   13.121381] cloud-init[985]: ci-info: +--------+------+----------------------------+---------------+--------+-------------------+
[   13.128298] cloud-init[985]: ci-info: | Device |  Up  |          Address           |      Mask     | Scope  |     Hw-Address    |
[   13.130392] cloud-init[985]: ci-info: +--------+------+----------------------------+---------------+--------+-------------------+
[   13.136563] cloud-init[985]: ci-info: | enp0s3 | True |         10.0.2.15          | 255.255.255.0 | global | 02:4c:f1:9f:ae:47 |
[   13.140519] cloud-init[985]: ci-info: | enp0s3 | True | fe80::4c:f1ff:fe9f:ae47/64 |       .       |  link  | 02:4c:f1:9f:ae:47 |
[   13.144597] cloud-init[985]: ci-info: |   lo   | True |         127.0.0.1          |   255.0.0.0   |  host  |         .         |
[   13.146974] cloud-init[985]: ci-info: |   lo   | True |          ::1/128           |       .       |  host  |         .         |
[   13.152705] cloud-init[985]: ci-info: +--------+------+----------------------------+---------------+--------+-------------------+
[   13.156412] cloud-init[985]: ci-info: +++++++++++++++++++++++++++Route IPv4 info++++++++++++++++++++++++++++
[   13.164427] cloud-init[985]: ci-info: +-------+-------------+----------+---------------+-----------+-------+
[   13.166813] cloud-init[985]: ci-info: | Route | Destination | Gateway  |    Genmask    | Interface | Flags |
[   13.172761] cloud-init[985]: ci-info: +-------+-------------+----------+---------------+-----------+-------+
[   13.174782] cloud-init[985]: ci-info: |   0   |   0.0.0.0   | 10.0.2.2 |    0.0.0.0    |   enp0s3  |   UG  |
[   13.180743] cloud-init[985]: ci-info: |   1   |   10.0.2.0  | 0.0.0.0  | 255.255.255.0 |   enp0s3  |   U   |
[   13.183045] cloud-init[985]: ci-info: +-------+-------------+----------+---------------+-----------+-------+
[   13.188830] cloud-init[985]: ci-info: +++++++++++++++++++Route IPv6 info+++++++++++++++++++
[   13.192404] cloud-init[985]: ci-info: +-------+-------------+---------+-----------+-------+
[   13.196551] cloud-init[985]: ci-info: | Route | Destination | Gateway | Interface | Flags |
[   13.198729] cloud-init[985]: ci-info: +-------+-------------+---------+-----------+-------+
[   13.200347] cloud-init[985]: ci-info: |   0   |  fe80::/64  |    ::   |   enp0s3  |   U   |
[   13.206257] cloud-init[985]: ci-info: |   3   |   ff00::/8  |    ::   |   enp0s3  |   U   |
[   13.208443] cloud-init[985]: ci-info: +-------+-------------+---------+-----------+-------+
[[0;32m  OK  [0m] Started Initial cloud-init job (metadata service crawler).
[[0;32m  OK  [0m] Reached target System Initialization.
[[0;32m  OK  [0m] Started Trigger to poll for Ubuntu ...nly enabled on GCP LTS non-pro).
[[0;32m  OK  [0m] Started Ubuntu Advantage Timer for running repeated jobs.
         Starting LXD - unix socket.
         Starting Socket activation for snappy daemon.
[[0;32m  OK  [0m] Started ACPI Events Check.
[[0;32m  OK  [0m] Reached target Paths.
[[0;32m  OK  [0m] Started Daily Cleanup of Temporary Directories.
[[0;32m  OK  [0m] Listening on ACPID Listen Socket.
[[0;32m  OK  [0m] Listening on UUID daemon activation socket.
[[0;32m  OK  [0m] Started Message of the Day.
[[0;32m  OK  [0m] Started Daily apt download activities.
[[0;32m  OK  [0m] Started Daily apt upgrade and clean activities.
[[0;32m  OK  [0m] Reached target Timers.
[[0;32m  OK  [0m] Listening on D-Bus System Message Bus Socket.
[[0;32m  OK  [0m] Reached target Network is Online.
         Starting iSCSI initiator daemon (iscsid)...
[[0;32m  OK  [0m] Reached target Cloud-config availability.
[[0;32m  OK  [0m] Listening on LXD - unix socket.
[[0;32m  OK  [0m] Listening on Socket activation for snappy daemon.
[[0;32m  OK  [0m] Reached target Sockets.
[[0;32m  OK  [0m] Reached target Basic System.
         Starting System Logging Service...
         Starting MySQL Community Server...
         Starting Login Service...
         Starting OpenBSD Secure Shell server...
[[0;32m  OK  [0m] Started Regular background program processing daemon.
         Starting /etc/rc.local Compatibility...
[[0;32m  OK  [0m] Started D-Bus System Message Bus.
         Starting LSB: Record successful boot for GRUB...
         Starting LSB: MD monitoring daemon...
[[0;32m  OK  [0m] Started ACPI event daemon.
         Starting Message of the Day...
[[0;32m  OK  [0m] Started FUSE filesystem for LXC.
[[0;32m  OK  [0m] Started Deferred execution scheduler.
         Starting vboxadd.service...
         Starting Snap Daemon...
         Starting Accounts Service...
         Starting LXD - container startup/shutdown...
[[0;32m  OK  [0m] Started System Logging Service.
[[0;32m  OK  [0m] Started /etc/rc.local Compatibility.
[[0;32m  OK  [0m] Started Message of the Day.
[[0;32m  OK  [0m] Started Login Service.
[[0;32m  OK  [0m] Started Unattended Upgrades Shutdown.
[[0;32m  OK  [0m] Started OpenBSD Secure Shell server.
[[0;32m  OK  [0m] Started iSCSI initiator daemon (iscsid).
         Starting Login to default iSCSI targets...
[[0;32m  OK  [0m] Started LSB: Record successful boot for GRUB.
[[0;32m  OK  [0m] Started Login to default iSCSI targets.
[[0;32m  OK  [0m] Reached target Remote File Systems (Pre).
         Mounting /vagrant...
[[0;32m  OK  [0m] Started LSB: MD monitoring daemon.
[[0;1;31mFAILED[0m] Failed to mount /vagrant.
See 'systemctl status vagrant.mount' for details.
[[0;1;33mDEPEND[0m] Dependency failed for Remote File Systems.
         Starting LSB: automatic crash report generation...
         Starting LSB: daemon to balance interrupts for SMP systems...
         Starting Permit User Sessions...
         Starting LSB: Set the CPU Frequency Scaling governor to "ondemand"...
[[0;32m  OK  [0m] Started LSB: Set the CPU Frequency Scaling governor to "ondemand".
[[0;32m  OK  [0m] Started Permit User Sessions.
         Starting Hold until boot process finishes up...
         Starting Terminate Plymouth Boot Screen...
[[0;32m  OK  [0m] Started Hold until boot process finishes up.
[[0;32m  OK  [0m] Started Getty on tty1.
         Starting Set console scheme...
[[0;32m  OK  [0m] Started Serial Getty on ttyS0.
[[0;32m  OK  [0m] Reached target Login Prompts.
[[0;32m  OK  [0m] Started Terminate Plymouth Boot Screen.
[[0;32m  OK  [0m] Started Set console scheme.
[[0;32m  OK  [0m] Started LSB: daemon to balance interrupts for SMP systems.
         Starting Authenticate and Authorize Users to Run Privileged Tasks...
[[0;32m  OK  [0m] Started LSB: automatic crash report generation.
[[0;32m  OK  [0m] Created slice User Slice of vagrant.
         Starting User Manager for UID 1000...
[[0;32m  OK  [0m] Started Session 1 of user vagrant.
[[0;32m  OK  [0m] Started Authenticate and Authorize Users to Run Privileged Tasks.
[[0;32m  OK  [0m] Started Accounts Service.
[[0;32m  OK  [0m] Started User Manager for UID 1000.
[[0;32m  OK  [0m] Started LXD - container startup/shutdown.
[[0;32m  OK  [0m] Started Snap Daemon.
         Starting Wait until snapd is fully seeded...
[[0;32m  OK  [0m] Started Wait until snapd is fully seeded.
         Starting Apply the settings specified in cloud-config...
[   20.713132] cloud-init[1333]: Cloud-init v. 21.1-19-gbad84ad4-0ubuntu1~16.04.2 running 'modules:config' at Sat, 14 May 2022 16:04:32 +0000. Up 18.45 seconds.

Ubuntu 16.04.7 LTS ubuntu-xenial ttyS0

ubuntu-xenial login: [   28.984756] cloud-init[1729]: Cloud-init v. 21.1-19-gbad84ad4-0ubuntu1~16.04.2 running 'modules:final' at Sat, 14 May 2022 16:04:43 +0000. Up 28.65 seconds.
[   28.993538] cloud-init[1729]: Cloud-init v. 21.1-19-gbad84ad4-0ubuntu1~16.04.2 finished at Sat, 14 May 2022 16:04:43 +0000. Datasource DataSourceNoCloud [seed=/dev/sdb][dsmode=net].  Up 28.97 seconds
