[    0.000000] Initializing cgroup subsys cpuset
[    0.000000] Initializing cgroup subsys cpu
[    0.000000] Initializing cgroup subsys cpuacct
[    0.000000] Linux version 4.4.0-210-generic (buildd@lgw01-amd64-037) (gcc version 5.4.0 20160609 (Ubuntu 5.4.0-6ubuntu1~16.04.12) ) #242-Ubuntu SMP Fri Apr 16 09:57:00 UTC 2021 (Ubuntu 4.4.0-210.242-generic 4.4.262)
[    0.000000] KERNEL supported cpus:
[    0.000000]   Intel GenuineIntel
[    0.000000]   AMD AuthenticAMD
[    0.000000]   NSC Geode by NSC
[    0.000000]   Cyrix CyrixInstead
[    0.000000]   Centaur CentaurHauls
[    0.000000]   Transmeta GenuineTMx86
[    0.000000]   Transmeta TransmetaCPU
[    0.000000]   UMC UMC UMC UMC
[    0.000000] x86/fpu: xstate_offset[2]:  576, xstate_sizes[2]:  256
[    0.000000] x86/fpu: Supporting XSAVE feature 0x01: 'x87 floating point registers'
[    0.000000] x86/fpu: Supporting XSAVE feature 0x02: 'SSE registers'
[    0.000000] x86/fpu: Supporting XSAVE feature 0x04: 'AVX registers'
[    0.000000] x86/fpu: Enabled xstate features 0x7, context size is 832 bytes, using 'standard' format.
[    0.000000] e820: BIOS-provided physical RAM map:
[    0.000000] BIOS-e820: [mem 0x0000000000000000-0x000000000009fbff] usable
[    0.000000] BIOS-e820: [mem 0x000000000009fc00-0x000000000009ffff] reserved
[    0.000000] BIOS-e820: [mem 0x00000000000f0000-0x00000000000fffff] reserved
[    0.000000] BIOS-e820: [mem 0x0000000000100000-0x000000003ffeffff] usable
[    0.000000] BIOS-e820: [mem 0x000000003fff0000-0x000000003fffffff] ACPI data
[    0.000000] BIOS-e820: [mem 0x00000000fec00000-0x00000000fec00fff] reserved
[    0.000000] BIOS-e820: [mem 0x00000000fee00000-0x00000000fee00fff] reserved
[    0.000000] BIOS-e820: [mem 0x00000000fffc0000-0x00000000ffffffff] reserved
[    0.000000] NX (Execute Disable) protection: active
[    0.000000] SMBIOS 2.5 present.
[    0.000000] Hypervisor detected: KVM
[    0.000000] e820: last_pfn = 0x3fff0 max_arch_pfn = 0x1000000
[    0.000000] MTRR: Disabled
[    0.000000] x86/PAT: MTRRs disabled, skipping PAT initialization too.
[    0.000000] CPU MTRRs all blank - virtualized system.
[    0.000000] x86/PAT: Configuration [0-7]: WB  WT  UC- UC  WB  WT  UC- UC  
[    0.000000] found SMP MP-table at [mem 0x0009fff0-0x0009ffff] mapped at [c009fff0]
[    0.000000] Scanning 1 areas for low memory corruption
[    0.000000] RAMDISK: [mem 0x363a4000-0x371c9fff]
[    0.000000] ACPI: Early table checksum verification disabled
[    0.000000] ACPI: RSDP 0x00000000000E0000 000024 (v02 VBOX  )
[    0.000000] ACPI: XSDT 0x000000003FFF0030 00003C (v01 VBOX   VBOXXSDT 00000001 ASL  00000061)
[    0.000000] ACPI: FACP 0x000000003FFF00F0 0000F4 (v04 VBOX   VBOXFACP 00000001 ASL  00000061)
[    0.000000] ACPI: DSDT 0x000000003FFF0470 002325 (v02 VBOX   VBOXBIOS 00000002 INTL 20100528)
[    0.000000] ACPI: FACS 0x000000003FFF0200 000040
[    0.000000] ACPI: FACS 0x000000003FFF0200 000040
[    0.000000] ACPI: APIC 0x000000003FFF0240 00005C (v02 VBOX   VBOXAPIC 00000001 ASL  00000061)
[    0.000000] ACPI: SSDT 0x000000003FFF02A0 0001CC (v01 VBOX   VBOXCPUT 00000002 INTL 20100528)
[    0.000000] 131MB HIGHMEM available.
[    0.000000] 891MB LOWMEM available.
[    0.000000]   mapped low ram: 0 - 37bfe000
[    0.000000]   low ram: 0 - 37bfe000
[    0.000000] kvm-clock: Using msrs 4b564d01 and 4b564d00
[    0.000000] kvm-clock: cpu 0, msr 0:37bfd001, primary cpu clock
[    0.000000] kvm-clock: using sched offset of 3770925714 cycles
[    0.000000] clocksource: kvm-clock: mask: 0xffffffffffffffff max_cycles: 0x1cd42e4dffb, max_idle_ns: 881590591483 ns
[    0.000000] Zone ranges:
[    0.000000]   DMA      [mem 0x0000000000001000-0x0000000000ffffff]
[    0.000000]   Normal   [mem 0x0000000001000000-0x0000000037bfdfff]
[    0.000000]   HighMem  [mem 0x0000000037bfe000-0x000000003ffeffff]
[    0.000000] Movable zone start for each node
[    0.000000] Early memory node ranges
[    0.000000]   node   0: [mem 0x0000000000001000-0x000000000009efff]
[    0.000000]   node   0: [mem 0x0000000000100000-0x000000003ffeffff]
[    0.000000] Initmem setup node 0 [mem 0x0000000000001000-0x000000003ffeffff]
[    0.000000] Using APIC driver default
[    0.000000] ACPI: PM-Timer IO Port: 0x4008
[    0.000000] IOAPIC[0]: apic_id 2, version 32, address 0xfec00000, GSI 0-23
[    0.000000] ACPI: INT_SRC_OVR (bus 0 bus_irq 0 global_irq 2 dfl dfl)
[    0.000000] ACPI: INT_SRC_OVR (bus 0 bus_irq 9 global_irq 9 low level)
[    0.000000] Using ACPI (MADT) for SMP configuration information
[    0.000000] smpboot: Allowing 2 CPUs, 0 hotplug CPUs
[    0.000000] PM: Registered nosave memory: [mem 0x00000000-0x00000fff]
[    0.000000] PM: Registered nosave memory: [mem 0x0009f000-0x0009ffff]
[    0.000000] PM: Registered nosave memory: [mem 0x000a0000-0x000effff]
[    0.000000] PM: Registered nosave memory: [mem 0x000f0000-0x000fffff]
[    0.000000] e820: [mem 0x40000000-0xfebfffff] available for PCI devices
[    0.000000] Booting paravirtualized kernel on KVM
[    0.000000] clocksource: refined-jiffies: mask: 0xffffffff max_cycles: 0xffffffff, max_idle_ns: 7645519600211568 ns
[    0.000000] setup_percpu: NR_CPUS:8 nr_cpumask_bits:8 nr_cpu_ids:2 nr_node_ids:1
[    0.000000] PERCPU: Embedded 18 pages/cpu @f6380000 s42956 r0 d30772 u73728
[    0.000000] Built 1 zonelists in Zone order, mobility grouping on.  Total pages: 259800
[    0.000000] Kernel command line: BOOT_IMAGE=/boot/vmlinuz-4.4.0-210-generic root=LABEL=cloudimg-rootfs ro console=tty1 console=ttyS0
[    0.000000] PID hash table entries: 4096 (order: 2, 16384 bytes)
[    0.000000] Dentry cache hash table entries: 131072 (order: 7, 524288 bytes)
[    0.000000] Inode-cache hash table entries: 65536 (order: 6, 262144 bytes)
[    0.000000] Initializing CPU#0
[    0.000000] Initializing HighMem for node 0 (00037bfe:0003fff0)
[    0.000000] Initializing Movable for node 0 (00000000:00000000)
[    0.000000] Memory: 1008264K/1048120K available (8151K kernel code, 787K rwdata, 3216K rodata, 944K init, 724K bss, 39856K reserved, 0K cma-reserved, 135112K highmem)
[    0.000000] virtual kernel memory layout:
[    0.000000]     fixmap  : 0xfff15000 - 0xfffff000   ( 936 kB)
[    0.000000]     pkmap   : 0xffc00000 - 0xffe00000   (2048 kB)
[    0.000000]     vmalloc : 0xf83fe000 - 0xffbfe000   ( 120 MB)
[    0.000000]     lowmem  : 0xc0000000 - 0xf7bfe000   ( 891 MB)
[    0.000000]       .init : 0xc1be2000 - 0xc1cce000   ( 944 kB)
[    0.000000]       .data : 0xc17f61b8 - 0xc1be0d40   (4010 kB)
[    0.000000]       .text : 0xc1000000 - 0xc17f61b8   (8152 kB)
[    0.000000] Checking if this processor honours the WP bit even in supervisor mode...Ok.
[    0.000000] SLUB: HWalign=64, Order=0-3, MinObjects=0, CPUs=2, Nodes=1
[    0.000000] Hierarchical RCU implementation.
[    0.000000] 	Build-time adjustment of leaf fanout to 32.
[    0.000000] 	RCU restricting CPUs from NR_CPUS=8 to nr_cpu_ids=2.
[    0.000000] RCU: Adjusting geometry for rcu_fanout_leaf=32, nr_cpu_ids=2
[    0.000000] NR_IRQS:2304 nr_irqs:440 16
[    0.000000] Console: colour VGA+ 80x25
[    0.000000] console [tty1] enabled
[    0.000000] console [ttyS0] enabled
[    0.000000] allocated 1048576 bytes of page_ext
[    0.000000] tsc: Detected 3192.002 MHz processor
[    0.224980] Calibrating delay loop (skipped) preset value.. 6384.00 BogoMIPS (lpj=12768008)
[    0.227265] pid_max: default: 32768 minimum: 301
[    0.228515] ACPI: Core revision 20150930
[    0.231315] ACPI: 2 ACPI AML tables successfully acquired and loaded
[    0.233077] Security Framework initialized
[    0.234179] Yama: becoming mindful.
[    0.235169] AppArmor: AppArmor initialized
[    0.236326] Mount-cache hash table entries: 2048 (order: 1, 8192 bytes)
[    0.237807] Mountpoint-cache hash table entries: 2048 (order: 1, 8192 bytes)
[    0.239524] Initializing cgroup subsys io
[    0.240855] Initializing cgroup subsys memory
[    0.242090] Initializing cgroup subsys devices
[    0.243325] Initializing cgroup subsys freezer
[    0.244432] Initializing cgroup subsys net_cls
[    0.245656] Initializing cgroup subsys perf_event
[    0.247011] Initializing cgroup subsys net_prio
[    0.248181] Initializing cgroup subsys hugetlb
[    0.249439] Initializing cgroup subsys pids
[    0.252561] mce: CPU supports 0 MCE banks
[    0.253635] Last level iTLB entries: 4KB 128, 2MB 8, 4MB 8
[    0.255005] Last level dTLB entries: 4KB 64, 2MB 0, 4MB 0, 1GB 4
[    0.256587] Spectre V1 : Mitigation: usercopy/swapgs barriers and __user pointer sanitization
[    0.258979] Spectre V2 : Mitigation: Full generic retpoline
[    0.260622] Spectre V2 : Spectre v2 / SpectreRSB mitigation: Filling RSB on context switch
[    0.262819] Speculative Store Bypass: Vulnerable
[    0.263973] SRBDS: Unknown: Dependent on hypervisor status
[    0.265595] MDS: Vulnerable: Clear CPU buffers attempted, no microcode
[    0.271143] Freeing SMP alternatives memory: 36K
[    0.278475] ftrace: allocating 31668 entries in 62 pages
[    0.352383] smpboot: APIC(0) Converting physical 0 to logical package 0
[    0.353850] smpboot: Max logical packages: 1
[    0.354913] Enabling APIC mode:  Flat.  Using 1 I/O APICs
[    0.357859] ..TIMER: vector=0x30 apic1=0 pin1=2 apic2=-1 pin2=-1
[    0.467372] smpboot: CPU0: Intel(R) Core(TM) i5-6500 CPU @ 3.20GHz (family: 0x6, model: 0x5e, stepping: 0x3)
[    0.469968] Performance Events: unsupported p6 CPU model 94 no PMU driver, software events only.
[    0.483020] KVM setup paravirtual spinlock
[    0.484968] x86: Booting SMP configuration:
[    0.486236] .... node  #0, CPUs:      #1
[1266874885.938625] Initializing CPU#1
[    0.488307] kvm-clock: cpu 1, msr 0:37bfd041, secondary cpu clock
[    0.491444] mce: CPU supports 0 MCE banks
[    0.494175] x86: Booted up 1 node, 2 CPUs
[    0.495740] smpboot: Total of 2 processors activated (12768.00 BogoMIPS)
[    0.498040] devtmpfs: initialized
[    0.499312] evm: security.selinux
[    0.500338] evm: security.SMACK64
[    0.501601] evm: security.SMACK64EXEC
[    0.502714] evm: security.SMACK64TRANSMUTE
[    0.504007] evm: security.SMACK64MMAP
[    0.505166] evm: security.ima
[    0.506138] evm: security.capability
[    0.507605] clocksource: jiffies: mask: 0xffffffff max_cycles: 0xffffffff, max_idle_ns: 7645041785100000 ns
[    0.510476] futex hash table entries: 512 (order: 3, 32768 bytes)
[    0.512483] pinctrl core: initialized pinctrl subsystem
[    0.514217] RTC time: 17:31:53, date: 04/30/22
[    0.516125] NET: Registered protocol family 16
[    0.517493] EISA bus registered
[    0.528411] cpuidle: using governor ladder
[    0.540072] cpuidle: using governor menu
[    0.541104] PCCT header not found.
[    0.542119] ACPI: bus type PCI registered
[    0.543170] acpiphp: ACPI Hot Plug PCI Controller Driver version: 0.5
[    0.544884] PCI : PCI BIOS area is rw and x. Use pci=nobios if you want it NX.
[    0.546883] PCI: PCI BIOS revision 2.10 entry at 0xfda26, last bus=0
[    0.548340] PCI: Using configuration type 1 for base access
[    0.560621] ACPI: Added _OSI(Module Device)
[    0.561686] ACPI: Added _OSI(Processor Device)
[    0.562850] ACPI: Added _OSI(3.0 _SCP Extensions)
[    0.564111] ACPI: Added _OSI(Processor Aggregator Device)
[    0.566098] ACPI: Executed 1 blocks of module-level executable AML code
[    0.570025] ACPI: Interpreter enabled
[    0.571121] ACPI: (supports S0 S5)
[    0.572119] ACPI: Using IOAPIC for interrupt routing
[    0.586643] PCI: Using host bridge windows from ACPI; if necessary, use "pci=nocrs" and report a bug
[    0.593296] ACPI: PCI Root Bridge [PCI0] (domain 0000 [bus 00-ff])
[    0.595179] acpi PNP0A03:00: _OSC: OS supports [ASPM ClockPM Segments MSI]
[    0.597160] acpi PNP0A03:00: _OSC: not requesting OS control; OS requires [ExtendedConfig ASPM ClockPM MSI]
[    0.599721] acpi PNP0A03:00: fail to add MMCONFIG information, can't access extended PCI configuration space under this bridge.
[    0.603123] PCI host bridge to bus 0000:00
[    0.604279] pci_bus 0000:00: root bus resource [io  0x0000-0x0cf7 window]
[    0.605846] pci_bus 0000:00: root bus resource [io  0x0d00-0xffff window]
[    0.607561] pci_bus 0000:00: root bus resource [mem 0x000a0000-0x000bffff window]
[    0.609649] pci_bus 0000:00: root bus resource [mem 0x40000000-0xfdffffff window]
[    0.611649] pci_bus 0000:00: root bus resource [bus 00-ff]
[    0.615085] pci 0000:00:01.1: legacy IDE quirk: reg 0x10: [io  0x01f0-0x01f7]
[    0.616855] pci 0000:00:01.1: legacy IDE quirk: reg 0x14: [io  0x03f6]
[    0.618413] pci 0000:00:01.1: legacy IDE quirk: reg 0x18: [io  0x0170-0x0177]
[    0.620243] pci 0000:00:01.1: legacy IDE quirk: reg 0x1c: [io  0x0376]
[    0.646381] pci 0000:00:07.0: quirk: [io  0x4000-0x403f] claimed by PIIX4 ACPI
[    0.648938] pci 0000:00:07.0: quirk: [io  0x4100-0x410f] claimed by PIIX4 SMB
[    0.657514] ACPI: PCI Interrupt Link [LNKA] (IRQs 5 9 10 *11)
[    0.659972] ACPI: PCI Interrupt Link [LNKB] (IRQs 5 9 *10 11)
[    0.662359] ACPI: PCI Interrupt Link [LNKC] (IRQs 5 *9 10 11)
[    0.664375] ACPI: PCI Interrupt Link [LNKD] (IRQs 5 9 10 *11)
[    0.666272] ACPI: Enabled 2 GPEs in block 00 to 07
[    0.667852] vgaarb: setting as boot device: PCI:0000:00:02.0
[    0.669150] vgaarb: device added: PCI:0000:00:02.0,decodes=io+mem,owns=io+mem,locks=none
[    0.671232] vgaarb: loaded
[    0.672178] vgaarb: bridge control possible 0000:00:02.0
[    0.673968] SCSI subsystem initialized
[    0.675451] ACPI: bus type USB registered
[    0.676526] usbcore: registered new interface driver usbfs
[    0.677876] usbcore: registered new interface driver hub
[    0.679353] usbcore: registered new device driver usb
[    0.681044] PCI: Using ACPI for IRQ routing
[    0.682393] NetLabel: Initializing
[    0.683331] NetLabel:  domain hash size = 128
[    0.684447] NetLabel:  protocols = UNLABELED CIPSOv4
[    0.685657] NetLabel:  unlabeled traffic allowed by default
[    0.687154] amd_nb: Cannot enumerate AMD northbridges
[    0.693321] clocksource: Switched to clocksource kvm-clock
[    0.703953] AppArmor: AppArmor Filesystem Enabled
[    0.705205] pnp: PnP ACPI init
[    0.706992] pnp: PnP ACPI: found 3 devices
[    0.708046] PnPBIOS: Disabled by ACPI PNP
[    0.762091] clocksource: acpi_pm: mask: 0xffffff max_cycles: 0xffffff, max_idle_ns: 2085701024 ns
[    0.764325] NET: Registered protocol family 2
[    0.765714] TCP established hash table entries: 8192 (order: 3, 32768 bytes)
[    0.767324] TCP bind hash table entries: 8192 (order: 4, 65536 bytes)
[    0.768898] TCP: Hash tables configured (established 8192 bind 8192)
[    0.770455] UDP hash table entries: 512 (order: 2, 16384 bytes)
[    0.771821] UDP-Lite hash table entries: 512 (order: 2, 16384 bytes)
[    0.773324] NET: Registered protocol family 1
[    0.774500] pci 0000:00:00.0: Limiting direct PCI/PCI transfers
[    0.775912] pci 0000:00:01.0: Activating ISA DMA hang workarounds
[    0.777530] Unpacking initramfs...
[    1.054147] Freeing initrd memory: 14488K
[    1.055373] clocksource: tsc: mask: 0xffffffffffffffff max_cycles: 0x2e02c6b261a, max_idle_ns: 440795349838 ns
[    1.057765] platform rtc_cmos: registered platform RTC device (no PNP device found)
[    1.062410] Scanning for low memory corruption every 60 seconds
[    1.064484] audit: initializing netlink subsys (disabled)
[    1.065810] audit: type=2000 audit(1651339918.823:1): initialized
[    1.067476] Initialise system trusted keyring
[    1.068982] HugeTLB registered 2 MB page size, pre-allocated 0 pages
[    1.071725] zbud: loaded
[    1.072775] VFS: Disk quotas dquot_6.6.0
[    1.073916] VFS: Dquot-cache hash table entries: 1024 (order 0, 4096 bytes)
[    1.075608] squashfs: version 4.0 (2009/01/31) Phillip Lougher
[    1.077365] fuse init (API version 7.23)
[    1.078603] Key type big_key registered
[    1.079616] Allocating IMA MOK and blacklist keyrings.
[    1.083357] Key type asymmetric registered
[    1.084397] Asymmetric key parser 'x509' registered
[    1.085573] bounce: pool size: 64 pages
[    1.086623] Block layer SCSI generic (bsg) driver version 0.4 loaded (major 249)
[    1.088580] io scheduler noop registered
[    1.089616] io scheduler deadline registered (default)
[    1.090843] io scheduler cfq registered
[    1.091999] pci_hotplug: PCI Hot Plug PCI Core version: 0.5
[    1.093297] pciehp: PCI Express Hot Plug Controller Driver version: 0.4
[    1.095013] ACPI: AC Adapter [AC] (on-line)
[    1.096185] input: Power Button as /devices/LNXSYSTM:00/LNXPWRBN:00/input/input0
[    1.098082] ACPI: Power Button [PWRF]
[    1.099149] input: Sleep Button as /devices/LNXSYSTM:00/LNXSLPBN:00/input/input1
[    1.101040] ACPI: Sleep Button [SLPF]
[    1.102379] GHES: HEST is not enabled!
[    1.103689] isapnp: Scanning for PnP cards...
[    1.105419] Serial: 8250/16550 driver, 32 ports, IRQ sharing enabled
[    1.127660] 00:02: ttyS0 at I/O 0x3f8 (irq = 4, base_baud = 115200) is a 16550A
[    1.130680] Linux agpgart interface v0.103
[    1.137791] loop: module loaded
[    1.139218] scsi host0: ata_piix
[    1.140185] scsi host1: ata_piix
[    1.141127] ata1: PATA max UDMA/33 cmd 0x1f0 ctl 0x3f6 bmdma 0xd000 irq 14
[    1.142760] ata2: PATA max UDMA/33 cmd 0x170 ctl 0x376 bmdma 0xd008 irq 15
[    1.144423] libphy: Fixed MDIO Bus: probed
[    1.145516] tun: Universal TUN/TAP device driver, 1.6
[    1.146846] tun: (C) 1999-2004 Max Krasnyansky <maxk@qualcomm.com>
[    1.148361] PPP generic driver version 2.4.2
[    1.149531] ehci_hcd: USB 2.0 'Enhanced' Host Controller (EHCI) Driver
[    1.151030] ehci-pci: EHCI PCI platform driver
[    1.152220] ehci-platform: EHCI generic platform driver
[    1.153565] ohci_hcd: USB 1.1 'Open' Host Controller (OHCI) Driver
[    1.155016] ohci-pci: OHCI PCI platform driver
[    1.156356] ohci-platform: OHCI generic platform driver
[    1.158001] uhci_hcd: USB Universal Host Controller Interface driver
[    1.159504] i8042: PNP: PS/2 Controller [PNP0303:PS2K,PNP0f03:PS2M] at 0x60,0x64 irq 1,12
[    1.162489] serio: i8042 KBD port at 0x60,0x64 irq 1
[    1.163801] serio: i8042 AUX port at 0x60,0x64 irq 12
[    1.165370] mousedev: PS/2 mouse device common for all mice
[    1.174774] rtc_cmos rtc_cmos: rtc core: registered rtc_cmos as rtc0
[    1.176576] rtc_cmos rtc_cmos: alarms up to one day, 114 bytes nvram
[    1.178145] i2c /dev entries driver
[    1.179932] input: AT Translated Set 2 keyboard as /devices/platform/i8042/serio0/input/input2
[    1.182141] device-mapper: uevent: version 1.0.3
[    1.183478] device-mapper: ioctl: 4.34.0-ioctl (2015-10-28) initialised: dm-devel@redhat.com
[    1.185674] platform eisa.0: Probing EISA bus 0
[    1.186812] platform eisa.0: EISA: Cannot allocate resource for mainboard
[    1.188443] platform eisa.0: Cannot allocate resource for EISA slot 1
[    1.189928] platform eisa.0: Cannot allocate resource for EISA slot 2
[    1.191400] platform eisa.0: Cannot allocate resource for EISA slot 3
[    1.192856] platform eisa.0: Cannot allocate resource for EISA slot 4
[    1.194354] platform eisa.0: Cannot allocate resource for EISA slot 5
[    1.195872] platform eisa.0: Cannot allocate resource for EISA slot 6
[    1.197448] platform eisa.0: Cannot allocate resource for EISA slot 7
[    1.199112] platform eisa.0: Cannot allocate resource for EISA slot 8
[    1.200578] platform eisa.0: EISA: Detected 0 cards
[    1.201851] cpufreq-nforce2: No nForce2 chipset.
[    1.203009] ledtrig-cpu: registered to indicate activity on CPUs
[    1.204651] NET: Registered protocol family 10
[    1.205955] NET: Registered protocol family 17
[    1.207088] Key type dns_resolver registered
[    1.208398] Using IPI No-Shortcut mode
[    1.209668] registered taskstats version 1
[    1.210746] Loading compiled-in X.509 certificates
[    1.213778] Loaded X.509 cert 'Build time autogenerated kernel key: 20ac0ed02049a72ce76c079ea50dd43d3ac5969c'
[    1.216154] zswap: loaded using pool lzo/zbud
[    1.227004] Key type trusted registered
[    1.230720] Key type encrypted registered
[    1.232046] AppArmor: AppArmor sha1 policy hashing enabled
[    1.233607] ima: No TPM chip found, activating TPM-bypass!
[    1.234899] ima: Allocated hash algorithm: sha1
[    1.236040] evm: HMAC attrs: 0x1
[    1.237177]   Magic number: 2:524:543
[    1.238293] rtc_cmos rtc_cmos: setting system clock to 2022-04-30 17:31:54 UTC (1651339914)
[    1.240427] BIOS EDD facility v0.16 2004-Jun-25, 0 devices found
[    1.241851] EDD information not available.
[    1.472708] isapnp: No Plug & Play device found
[    1.474368] Freeing unused kernel memory: 944K
[    1.997589] Write protecting the kernel text: 8156k
[    1.998915] Write protecting the kernel read-only data: 3220k
[    2.000328] NX-protecting the kernel data: 6180k
Loading, please wait...
starting version 229
[    2.016449] random: systemd-udevd: uninitialized urandom read (16 bytes read, 0 bits of entropy available)
[    2.017104] random: udevadm: uninitialized urandom read (16 bytes read, 0 bits of entropy available)
[    2.021727] random: systemd-udevd: uninitialized urandom read (16 bytes read, 0 bits of entropy available)
[    2.024513] random: systemd-udevd: uninitialized urandom read (16 bytes read, 0 bits of entropy available)
[    2.029829] random: udevadm: uninitialized urandom read (16 bytes read, 0 bits of entropy available)
[    2.031248] random: systemd-udevd: uninitialized urandom read (16 bytes read, 0 bits of entropy available)
[    2.048419] random: udevadm: uninitialized urandom read (16 bytes read, 0 bits of entropy available)
[    2.051781] random: udevadm: uninitialized urandom read (16 bytes read, 0 bits of entropy available)
[    2.054675] random: udevadm: uninitialized urandom read (16 bytes read, 0 bits of entropy available)
[    2.058692] random: udevadm: uninitialized urandom read (16 bytes read, 0 bits of entropy available)
[    2.094627] Fusion MPT base driver 3.04.20
[    2.095834] Copyright (c) 1999-2008 LSI Corporation
[    2.099429] e1000: Intel(R) PRO/1000 Network Driver - version 7.3.21-k8-NAPI
[    2.101131] e1000: Copyright (c) 1999-2006 Intel Corporation.
[    2.113641] Fusion MPT SPI Host driver 3.04.20
[    2.307311] input: ImExPS/2 Generic Explorer Mouse as /devices/platform/i8042/serio1/input/input4
[    2.533522] e1000 0000:00:03.0 eth0: (PCI:33MHz:32-bit) 02:4c:f1:9f:ae:47
[    2.535571] e1000 0000:00:03.0 eth0: Intel(R) PRO/1000 Network Connection
[    2.538483] mptbase: ioc0: Initiating bringup
[    2.539153] e1000 0000:00:03.0 enp0s3: renamed from eth0
[    3.257888] ioc0: LSI53C1030 A0: Capabilities={Initiator}
[    5.259595] scsi host2: ioc0: LSI53C1030 A0, FwRev=00000000h, Ports=1, MaxQ=256, IRQ=20
[    7.878392] scsi 2:0:0:0: Direct-Access     VBOX     HARDDISK         1.0  PQ: 0 ANSI: 5
[    7.881110] scsi target2:0:0: Beginning Domain Validation
[    7.885050] scsi target2:0:0: Domain Validation skipping write tests
[    7.886861] scsi target2:0:0: Ending Domain Validation
[    7.888385] scsi target2:0:0: asynchronous
[    7.890663] scsi 2:0:1:0: Direct-Access     VBOX     HARDDISK         1.0  PQ: 0 ANSI: 5
[    7.893246] scsi target2:0:1: Beginning Domain Validation
[    7.896797] scsi target2:0:1: Domain Validation skipping write tests
[    7.898534] scsi target2:0:1: Ending Domain Validation
[    7.900017] scsi target2:0:1: asynchronous
[    7.910807] sd 2:0:0:0: [sda] 83886080 512-byte logical blocks: (42.9 GB/40.0 GiB)
[    7.910990] sd 2:0:0:0: Attached scsi generic sg0 type 0
[    7.911199] sd 2:0:1:0: Attached scsi generic sg1 type 0
[    7.911608] sd 2:0:1:0: [sdb] 20480 512-byte logical blocks: (10.5 MB/10.0 MiB)
[    7.911874] sd 2:0:1:0: [sdb] Write Protect is off
[    7.912058] sd 2:0:1:0: [sdb] Incomplete mode parameter data
[    7.912060] sd 2:0:1:0: [sdb] Assuming drive cache: write through
[    7.923442] sd 2:0:0:0: [sda] Write Protect is off
[    7.925027] sd 2:0:0:0: [sda] Incomplete mode parameter data
[    7.926447] sd 2:0:0:0: [sda] Assuming drive cache: write through
[    7.930570] sd 2:0:1:0: [sdb] Attached SCSI disk
[    7.940076]  sda: sda1
[    7.942429] sd 2:0:0:0: [sda] Attached SCSI disk
Begin: Loading essential drivers ... [    9.672574] md: linear personality registered for level -1
[    9.677946] md: multipath personality registered for level -4
[    9.683242] md: raid0 personality registered for level 0
[    9.691230] md: raid1 personality registered for level 1
[    9.765380] raid6: mmxx1    gen()  6396 MB/s
[    9.833417] raid6: mmxx2    gen()  6643 MB/s
[    9.901404] raid6: sse1x1   gen()  5660 MB/s
[    9.969406] raid6: sse1x2   gen()  6646 MB/s
[   10.037460] raid6: sse2x1   gen() 11454 MB/s
[   10.105396] raid6: sse2x1   xor()  8566 MB/s
[   10.173429] raid6: sse2x2   gen() 14203 MB/s
[   10.241417] raid6: sse2x2   xor()  8958 MB/s
[   10.309428] raid6: avx2x1   gen() 23065 MB/s
[   10.377399] raid6: avx2x2   gen() 25470 MB/s
[   10.378540] raid6: using algorithm avx2x2 gen() 25470 MB/s
[   10.380017] raid6: using avx2x1 recovery algorithm
[   10.384542] xor: automatically using best checksumming function:
[   10.433882]    avx       : 23287.000 MB/sec
[   10.437944] async_tx: api initialized (async)
[   10.460825] md: raid6 personality registered for level 6
[   10.462332] md: raid5 personality registered for level 5
[   10.463746] md: raid4 personality registered for level 4
[   10.473703] md: raid10 personality registered for level 10
done.
Begin: Running /scripts/init-premount ... done.
Begin: Mounting root file system ... Begin: Running /scripts/local-top ... done.
Begin: Running /scripts/local-premount ... [   10.518617] Btrfs loaded
Scanning for Btrfs filesystems
done.
Warning: fsck not present, so skipping root file system
[   10.570350] EXT4-fs (sda1): mounted filesystem with ordered data mode. Opts: (null)
done.
Begin: Running /scripts/local-bottom ... done.
Begin: Running /scripts/init-bottom ... done.
[   11.025479] systemd[1]: systemd 229 running in system mode. (+PAM +AUDIT +SELINUX +IMA +APPARMOR +SMACK +SYSVINIT +UTMP +LIBCRYPTSETUP +GCRYPT +GNUTLS +ACL +XZ -LZ4 +SECCOMP +BLKID +ELFUTILS +KMOD -IDN)
[   11.030106] systemd[1]: Detected virtualization oracle.
[   11.031375] systemd[1]: Detected architecture x86.

Welcome to [1mUbuntu 16.04.7 LTS[0m!

[   11.050716] systemd[1]: Set hostname to <ubuntu>.
[   11.076017] systemd[1]: Initializing machine ID from random generator.
[   11.077700] systemd[1]: Installed transient /etc/machine-id file.
[   11.428530] random: nonblocking pool is initialized
[   11.707480] systemd[1]: Started Trigger resolvconf update for networkd DNS.
[[0;32m  OK  [0m] Started Trigger resolvconf update for networkd DNS.
[   11.710951] systemd[1]: Listening on Syslog Socket.
[[0;32m  OK  [0m] Listening on Syslog Socket.
[   11.714038] systemd[1]: Created slice User and Session Slice.
[[0;32m  OK  [0m] Created slice User and Session Slice.
[   11.716624] systemd[1]: Listening on Journal Socket (/dev/log).
[[0;32m  OK  [0m] Listening on Journal Socket (/dev/log).
[   11.719912] systemd[1]: Reached target System Time Synchronized.
[[0;32m  OK  [0m] Reached target System Time Synchronized.
[   11.723298] systemd[1]: Listening on /dev/initctl Compatibility Named Pipe.
[[0;32m  OK  [0m] Listening on /dev/initctl Compatibility Named Pipe.
[   11.726735] systemd[1]: Listening on udev Kernel Socket.
[[0;32m  OK  [0m] Listening on udev Kernel Socket.
[   11.729508] systemd[1]: Listening on Journal Socket.
[[0;32m  OK  [0m] Listening on Journal Socket.
[   11.732356] systemd[1]: Listening on Journal Audit Socket.
[[0;32m  OK  [0m] Listening on Journal Audit Socket.
[   11.735143] systemd[1]: Started Forward Password Requests to Wall Directory Watch.
[[0;32m  OK  [0m] Started Forward Password Requests to Wall Directory Watch.
[   11.740600] systemd[1]: Reached target Swap.
[[0;32m  OK  [0m] Reached target Swap.
[   11.750696] systemd[1]: Listening on fsck to fsckd communication Socket.
[[0;32m  OK  [0m] Listening on fsck to fsckd communication Socket.
[   11.762052] systemd[1]: Created slice System Slice.
[[0;32m  OK  [0m] Created slice System Slice.
[   11.778492] systemd[1]: Starting Load Kernel Modules...
         Starting Load Kernel Modules...
[   11.786799] systemd[1]: Starting File System Check on Root Device...
         Starting File System Check on Root Device...
[   11.790235] systemd[1]: Mounting POSIX Message Queue File System...
         Mounting POSIX Message Queue File System...
[   11.793108] systemd[1]: Reached target Slices.
[[0;32m  OK  [0m] Reached target Slices.
[   11.802688] systemd[1]: Mounting Huge Pages File System...
         Mounting Huge Pages File System...
[   11.805766] systemd[1]: Created slice system-serial\x2dgetty.slice.
[[0;32m  OK  [0m] Created slice system-serial\x2dgetty.slice.
[   11.809028] systemd[1]: Starting Journal Service...
         Starting Journal Service...
[   11.819324] systemd[1]: Starting Set console keymap...
         Starting Set console keymap...
[   11.822431] systemd[1]: Mounting Debug File System...
         Mounting Debug File System...
[   11.825258] systemd[1]: Starting Nameserver information manager...
         Starting Nameserver information manager...
[   11.829462] systemd[1]: Listening on Device-mapper event daemon FIFOs.
[[0;32m  OK  [0m] Listening on Device-mapper event daemon FIFOs.
[   11.837982] systemd[1]: Listening on udev Control Socket.
[[0;32m  OK  [0m] Listening on udev Control Socket.
[   11.840768] systemd[1]: Reached target User and Group Name Lookups.
[[0;32m  OK  [0m] Reached target User and Group Name Lookups.
[   11.844675] systemd[1]: Starting Uncomplicated firewall...
         Starting Uncomplicated firewall...
[   11.847304] systemd[1]: Set up automount Arbitrary Executable File Formats File System Automount Point.
[[0;32m  OK  [0m] Set up automount Arbitrary Executab...ats File System Automount Point.
[   11.851759] systemd[1]: Listening on LVM2 poll daemon socket.
[[0;32m  OK  [0m] Listening on LVM2 poll daemon socket.
[   11.887031] Loading iSCSI transport class v2.0-870.
[   11.889683] systemd[1]: Starting Create list of required static device nodes for the current kernel...
         Starting Create list of required st... nodes for the current kernel...
[   11.901669] systemd[1]: Listening on LVM2 metadata daemon socket.
[[0;32m  OK  [0m] Listening on LVM2 metadata daemon socket.
[   11.918696] systemd[1]: Starting Monitoring of LVM2 mirrors, snapshots etc. using dmeventd or progress polling...
         Starting Monitoring of LVM2 mirrors... dmeventd or progress polling...
[   11.938204] systemd[1]: Reached target Encrypted Volumes.
[[0;32m  OK  [0m] Reached target Encrypted Volumes.
[   11.945702] systemd[1]: Mounted Huge Pages File System.
[[0;32m  OK  [0m] Mounted Huge Pages File System.
[   11.949570] systemd[1]: Mounted POSIX Message Queue File System.
[[0;32m  OK  [0m] Mounted POSIX Message Queue File System.
[   11.952908] systemd[1]: Mounted Debug File System.
[[0;32m  OK  [0m] Mounted Debug File System.
[   11.957015] systemd[1]: Started Uncomplicated firewall.
[[0;32m  OK  [0m] Started Uncomplicated firewall.
[   11.961165] systemd[1]: Started File System Check Daemon to report status.
[[0;32m  OK  [0m] Started File System Check Daemon to report status.
[   11.964011] iscsi: registered transport (tcp)
[   11.988503] systemd[1]: Started Nameserver information manager.
[[0;32m  OK  [0m] Started Nameserver information manager.
[   11.996742] systemd[1]: Started Create list of required static device nodes for the current kernel.
[[0;32m  OK  [0m] Started Create list of required sta...ce nodes for the current kernel.
[   12.002404] systemd[1]: Starting Create Static Device Nodes in /dev...
         Starting Create Static Device Nodes in /dev...
[   12.042815] systemd[1]: Started Set console keymap.
[[0;32m  OK  [0m] Started Set console keymap.
[   12.047402] systemd[1]: Started File System Check on Root Device.
[[0;32m  OK  [0m] Started File System Check on Root Device.
[   12.061538] systemd[1]: Starting Remount Root and Kernel File Systems...
         Starting Remount Root and Kernel File Systems...
[   12.070990] systemd[1]: Started Journal Service.
[[0;32m  OK  [0m] Started Journal Service.
[   12.083538] EXT4-fs (sda1): re-mounted. Opts: (null)
[[0;32m  OK  [0m] Started Remount Root and Kernel File Systems.
         Starting Load/Save Random Seed...
         Starting udev Coldplug all Devices...
         Starting Flush Journal to Persistent Storage...
[[0;32m  OK  [0m] Started Load/Save Random Seed.
[[0;32m  OK  [0m] Started udev Coldplug all Devices.
[   12.244574] systemd-journald[379]: Received request to flush runtime journal from PID 1
[   12.254087] iscsi: registered transport (iser)
[[0;32m  OK  [0m] Started Load Kernel Modules.
         Mounting FUSE Control File System...
         Starting Apply Kernel Variables...
[[0;32m  OK  [0m] Mounted FUSE Control File System.
[[0;32m  OK  [0m] Started Flush Journal to Persistent Storage.
[[0;32m  OK  [0m] Started LVM2 metadata daemon.
[[0;32m  OK  [0m] Started Create Static Device Nodes in /dev.
[[0;32m  OK  [0m] Started Apply Kernel Variables.
         Starting udev Kernel Device Manager...
[[0;32m  OK  [0m] Started udev Kernel Device Manager.
[[0;32m  OK  [0m] Started Dispatch Password Requests to Console Directory Watch.
[[0;32m  OK  [0m] Started Monitoring of LVM2 mirrors,...ng dmeventd or progress polling.
[[0;32m  OK  [0m] Reached target Local File Systems (Pre).
[[0;32m  OK  [0m] Reached target Local File Systems.
         Starting Set console font and keymap...
         Starting LSB: AppArmor initialization...
         Starting Create Volatile Files and Directories...
         Starting Commit a transient machine-id on disk...
         Starting Initial cloud-init job (pre-networking)...
         Starting Tell Plymouth To Write Out Runtime Data...
[[0;32m  OK  [0m] Found device /dev/ttyS0.
[[0;32m  OK  [0m] Started Create Volatile Files and Directories.
[[0;32m  OK  [0m] Started Commit a transient machine-id on disk.
[[0;32m  OK  [0m] Started Tell Plymouth To Write Out Runtime Data.
         Starting Update UTMP about System Boot/Shutdown...
[[0;32m  OK  [0m] Listening on Load/Save RF Kill Switch Status /dev/rfkill Watch.
[[0;32m  OK  [0m] Started Update UTMP about System Boot/Shutdown.
[[0;32m  OK  [0m] Started Set console font and keymap.
[[0;32m  OK  [0m] Created slice system-getty.slice.
[[0;32m  OK  [0m] Started LSB: AppArmor initialization.
         Starting Load AppArmor profiles managed internally by snapd...
[[0;32m  OK  [0m] Started Load AppArmor profiles managed internally by snapd.
[   15.490454] cloud-init[514]: Cloud-init v. 21.1-19-gbad84ad4-0ubuntu1~16.04.2 running 'init-local' at Sat, 30 Apr 2022 17:32:08 +0000. Up 14.93 seconds.
[[0;32m  OK  [0m] Started Initial cloud-init job (pre-networking).
[[0;32m  OK  [0m] Reached target Network (Pre).
         Starting Raise network interfaces...
[[0;32m  OK  [0m] Started Raise network interfaces.
[[0;32m  OK  [0m] Reached target Network.
         Starting Initial cloud-init job (metadata service crawler)...
[   18.590031] cloud-init[947]: Cloud-init v. 21.1-19-gbad84ad4-0ubuntu1~16.04.2 running 'init' at Sat, 30 Apr 2022 17:32:10 +0000. Up 16.48 seconds.
[   18.591930] cloud-init[947]: ci-info: ++++++++++++++++++++++++++++++++++++++Net device info++++++++++++++++++++++++++++++++++++++
[   18.593617] cloud-init[947]: ci-info: +--------+------+----------------------------+---------------+--------+-------------------+
[   18.595200] cloud-init[947]: ci-info: | Device |  Up  |          Address           |      Mask     | Scope  |     Hw-Address    |
[   18.596800] cloud-init[947]: ci-info: +--------+------+----------------------------+---------------+--------+-------------------+
[   18.604498] cloud-init[947]: ci-info: | enp0s3 | True |         10.0.2.15          | 255.255.255.0 | global | 02:4c:f1:9f:ae:47 |
[   18.606278] cloud-init[947]: ci-info: | enp0s3 | True | fe80::4c:f1ff:fe9f:ae47/64 |       .       |  link  | 02:4c:f1:9f:ae:47 |
[   18.612488] cloud-init[947]: ci-info: |   lo   | True |         127.0.0.1          |   255.0.0.0   |  host  |         .         |
[   18.614237] cloud-init[947]: ci-info: |   lo   | True |          ::1/128           |       .       |  host  |         .         |
[   18.616138] cloud-init[947]: ci-info: +--------+------+----------------------------+---------------+--------+-------------------+
[   18.624456] cloud-init[947]: ci-info: +++++++++++++++++++++++++++Route IPv4 info++++++++++++++++++++++++++++
[   18.632429] cloud-init[947]: ci-info: +-------+-------------+----------+---------------+-----------+-------+
[   18.633940] cloud-init[947]: ci-info: | Route | Destination | Gateway  |    Genmask    | Interface | Flags |
[   18.640506] cloud-init[947]: ci-info: +-------+-------------+----------+---------------+-----------+-------+
[   18.640694] cloud-init[947]: ci-info: |   0   |   0.0.0.0   | 10.0.2.2 |    0.0.0.0    |   enp0s3  |   UG  |
[   18.640982] cloud-init[947]: ci-info: |   1   |   10.0.2.0  | 0.0.0.0  | 255.255.255.0 |   enp0s3  |   U   |
[   18.641472] cloud-init[947]: ci-info: +-------+-------------+----------+---------------+-----------+-------+
[   18.641799] cloud-init[947]: ci-info: +++++++++++++++++++Route IPv6 info+++++++++++++++++++
[   18.642111] cloud-init[947]: ci-info: +-------+-------------+---------+-----------+-------+
[   18.642467] cloud-init[947]: ci-info: | Route | Destination | Gateway | Interface | Flags |
[   18.642781] cloud-init[947]: ci-info: +-------+-------------+---------+-----------+-------+
[   18.643127] cloud-init[947]: ci-info: |   0   |  fe80::/64  |    ::   |   enp0s3  |   U   |
[   18.643461] cloud-init[947]: ci-info: |   3   |   ff00::/8  |    ::   |   enp0s3  |   U   |
[   18.643794] cloud-init[947]: ci-info: +-------+-------------+---------+-----------+-------+
[   18.644361] cloud-init[947]: Generating public/private rsa key pair.
[   18.644678] cloud-init[947]: Your identification has been saved in /etc/ssh/ssh_host_rsa_key.
[   18.645019] cloud-init[947]: Your public key has been saved in /etc/ssh/ssh_host_rsa_key.pub.
[   18.645525] cloud-init[947]: The key fingerprint is:
[   18.645836] cloud-init[947]: SHA256:PlRr4wcMMfnw2UZFGKZoruD+ELp5U1knU5PNsP842Y0 root@ubuntu-xenial
[   18.646360] cloud-init[947]: The key's randomart image is:
[   18.646662] cloud-init[947]: +---[RSA 2048]----+
[   18.647033] cloud-init[947]: |        o..=o=o  |
[   18.647430] cloud-init[947]: |        o+++=    |
[   18.647758] cloud-init[947]: |        +=+=     |
[   18.648434] cloud-init[947]: |       o++=oo    |
[   18.648735] cloud-init[947]: |    o  oS+*..    |
[   18.649100] cloud-init[947]: |   o oo+ o o = o |
[   18.649442] cloud-init[947]: |  . o.. o . = E .|
[   18.649755] cloud-init[947]: |   +o.   . . .   |
[   18.650146] cloud-init[947]: |  o..o.          |
[   18.650456] cloud-init[947]: +----[SHA256]-----+
[   18.650733] cloud-init[947]: Generating public/private dsa key pair.
[   18.650992] cloud-init[947]: Your identification has been saved in /etc/ssh/ssh_host_dsa_key.
[   18.651266] cloud-init[947]: Your public key has been saved in /etc/ssh/ssh_host_dsa_key.pub.
[   18.651607] cloud-init[947]: The key fingerprint is:
[   18.651938] cloud-init[947]: SHA256:xhIC1uP5KGQyddTZkgh8gEiK9D5hKXazknz5+HdD2fs root@ubuntu-xenial
[   18.652379] cloud-init[947]: The key's randomart image is:
[   18.652687] cloud-init[947]: +---[DSA 1024]----+
[   18.653033] cloud-init[947]: |o===.o +         |
[   18.653370] cloud-init[947]: |*.+.B = .        |
[   18.653607] cloud-init[947]: |o+ @.o..         |
[   18.653894] cloud-init[947]: |= O B. o         |
[   18.654300] cloud-init[947]: | O * o. S o      |
[   18.654613] cloud-init[947]: |  + = .o o .     |
[   18.654953] cloud-init[947]: |   o .  .   .    |
[   18.655252] cloud-init[947]: |    .  . o .     |
[   18.655568] cloud-init[947]: |     .. . . .E   |
[   18.656338] cloud-init[947]: +----[SHA256]-----+
[   18.656667] cloud-init[947]: Generating public/private ecdsa key pair.
[   18.657024] cloud-init[947]: Your identification has been saved in /etc/ssh/ssh_host_ecdsa_key.
[   18.657333] cloud-init[947]: Your public key has been saved in /etc/ssh/ssh_host_ecdsa_key.pub.
[   18.657668] cloud-init[947]: The key fingerprint is:
[   18.658300] cloud-init[947]: SHA256:ga6HiER2O+OJibtpAKR1Gk/H5pf8Z/2zolhPzsj1KS0 root@ubuntu-xenial
[   18.658664] cloud-init[947]: The key's randomart image is:
[   18.659166] cloud-init[947]: +---[ECDSA 256]---+
[   18.659518] cloud-init[947]: |     .           |
[   18.659945] cloud-init[947]: | .o o +.         |
[   18.660336] cloud-init[947]: |o+ B +....       |
[   18.660539] cloud-init[947]: |= o o.. +.       |
[   18.661011] cloud-init[947]: |.. +  ..S.   .   |
[   18.661304] cloud-init[947]: |+.+.+o    . o .  |
[   18.661614] cloud-init[947]: |+o.oo .    + o.. |
[   18.662105] cloud-init[947]: | +   .    + BE.oo|
[   18.662442] cloud-init[947]: |=.       . +.+++o|
[   18.662956] cloud-init[947]: +----[SHA256]-----+
[   18.663173] cloud-init[947]: Generating public/private ed25519 key pair.
[   18.663346] cloud-init[947]: Your identification has been saved in /etc/ssh/ssh_host_ed25519_key.
[   18.663756] cloud-init[947]: Your public key has been saved in /etc/ssh/ssh_host_ed25519_key.pub.
[   18.664088] cloud-init[947]: The key fingerprint is:
[   18.664453] cloud-init[947]: SHA256:ux5S8TuEeKQgLFTgFaKIY7/djo3Zz+44X94yJkJBMEc root@ubuntu-xenial
[   18.664932] cloud-init[947]: The key's randomart image is:
[   18.665228] cloud-init[947]: +--[ED25519 256]--+
[   18.665454] cloud-init[947]: | +o+.ooE         |
[   18.665788] cloud-init[947]: |*.o   o.         |
[   18.666083] cloud-init[947]: |*oo . . o        |
[   18.666349] cloud-init[947]: |.o.. . = +       |
[   18.666654] cloud-init[947]: |   .  o S o      |
[   18.666864] cloud-init[947]: |    o .+ o .     |
[   18.667065] cloud-init[947]: |   . .o.o o.     |
[   18.667359] cloud-init[947]: |      B+o+o=.    |
[   18.667930] cloud-init[947]: |     + *X*o.o.   |
[   18.668511] cloud-init[947]: +----[SHA256]-----+
[[0;32m  OK  [0m] Started Initial cloud-init job (metadata service crawler).
[[0;32m  OK  [0m] Reached target System Initialization.
[[0;32m  OK  [0m] Started Message of the Day.
[[0;32m  OK  [0m] Started Ubuntu Advantage update messaging.
         Starting Socket activation for snappy daemon.
[[0;32m  OK  [0m] Listening on D-Bus System Message Bus Socket.
[[0;32m  OK  [0m] Started Daily Cleanup of Temporary Directories.
[[0;32m  OK  [0m] Started Daily apt download activities.
[[0;32m  OK  [0m] Started Daily apt upgrade and clean activities.
[[0;32m  OK  [0m] Reached target Timers.
         Starting LXD - unix socket.
[[0;32m  OK  [0m] Started ACPI Events Check.
[[0;32m  OK  [0m] Reached target Paths.
[[0;32m  OK  [0m] Listening on UUID daemon activation socket.
[[0;32m  OK  [0m] Listening on ACPID Listen Socket.
[[0;32m  OK  [0m] Reached target Cloud-config availability.
[[0;32m  OK  [0m] Reached target Network is Online.
         Starting iSCSI initiator daemon (iscsid)...
[[0;32m  OK  [0m] Listening on Socket activation for snappy daemon.
[[0;32m  OK  [0m] Listening on LXD - unix socket.
[[0;32m  OK  [0m] Reached target Sockets.
[[0;32m  OK  [0m] Reached target Basic System.
         Starting Virtualbox guest utils...
         Starting Login Service...
[[0;32m  OK  [0m] Started FUSE filesystem for LXC.
[[0;32m  OK  [0m] Started Deferred execution scheduler.
         Starting LSB: MD monitoring daemon...
[[0;32m  OK  [0m] Started ACPI event daemon.
         Starting LXD - container startup/shutdown...
         Starting /etc/rc.local Compatibility...
[[0;32m  OK  [0m] Started D-Bus System Message Bus.
[[0;32m  OK  [0m] Started Regular background program processing daemon.
         Starting LSB: Record successful boot for GRUB...
         Starting System Logging Service...
         Starting Pollinate to seed the pseudo random number generator...
         Starting Accounts Service...
         Starting Snap Daemon...
[[0;32m  OK  [0m] Started /etc/rc.local Compatibility.
[[0;32m  OK  [0m] Started Login Service.
[[0;32m  OK  [0m] Started Unattended Upgrades Shutdown.
[[0;32m  OK  [0m] Started System Logging Service.
[[0;32m  OK  [0m] Started LSB: Record successful boot for GRUB.
[[0;32m  OK  [0m] Started iSCSI initiator daemon (iscsid).
         Starting Login to default iSCSI targets...
[[0;32m  OK  [0m] Started LSB: MD monitoring daemon.
[[0;32m  OK  [0m] Started Login to default iSCSI targets.
[[0;32m  OK  [0m] Reached target Remote File Systems (Pre).
[[0;32m  OK  [0m] Reached target Remote File Systems.
         Starting LSB: daemon to balance interrupts for SMP systems...
         Starting Permit User Sessions...
         Starting LSB: Set the CPU Frequency Scaling governor to "ondemand"...
         Starting LSB: automatic crash report generation...
[[0;32m  OK  [0m] Started Virtualbox guest utils.
[[0;32m  OK  [0m] Started LSB: Set the CPU Frequency Scaling governor to "ondemand".
[[0;32m  OK  [0m] Started LSB: automatic crash report generation.
[[0;32m  OK  [0m] Started Permit User Sessions.
         Starting Terminate Plymouth Boot Screen...
         Starting Hold until boot process finishes up...
[[0;32m  OK  [0m] Started Hold until boot process finishes up.
[[0;32m  OK  [0m] Started Serial Getty on ttyS0.
[[0;32m  OK  [0m] Started Getty on tty1.
[[0;32m  OK  [0m] Reached target Login Prompts.
         Starting Set console scheme...
[[0;32m  OK  [0m] Started Terminate Plymouth Boot Screen.
[[0;32m  OK  [0m] Started LSB: daemon to balance interrupts for SMP systems.
         Starting Authenticate and Authorize Users to Run Privileged Tasks...
[[0;32m  OK  [0m] Started Set console scheme.
[[0;32m  OK  [0m] Started Authenticate and Authorize Users to Run Privileged Tasks.
[[0;32m  OK  [0m] Started Accounts Service.
[[0;32m  OK  [0m] Started LXD - container startup/shutdown.
[[0;32m  OK  [0m] Started Snap Daemon.
         Starting Wait until snapd is fully seeded...
[[0;32m  OK  [0m] Started Pollinate to seed the pseudo random number generator.
         Starting OpenBSD Secure Shell server...
[[0;32m  OK  [0m] Started OpenBSD Secure Shell server.
[[0;32m  OK  [0m] Created slice User Slice of vagrant.
         Starting User Manager for UID 1000...
[[0;32m  OK  [0m] Started Session 1 of user vagrant.
[[0;32m  OK  [0m] Started User Manager for UID 1000.
[   26.640177] cloud-init[1376]: Generating locales (this might take a while)...

Ubuntu 16.04.7 LTS ubuntu-xenial ttyS0

ubuntu-xenial login: [   27.832655] cloud-init[1376]:   en_US.UTF-8... done
[   27.834108] cloud-init[1376]: Generation complete.
[   28.780249] cloud-init[1376]: Cloud-init v. 21.1-19-gbad84ad4-0ubuntu1~16.04.2 running 'modules:config' at Sat, 30 Apr 2022 17:32:19 +0000. Up 26.31 seconds.
ci-info: no authorized SSH keys fingerprints found for user ubuntu.
<14>Apr 30 17:32:23 ec2: 
<14>Apr 30 17:32:23 ec2: #############################################################
<14>Apr 30 17:32:23 ec2: -----BEGIN SSH HOST KEY FINGERPRINTS-----
<14>Apr 30 17:32:23 ec2: 1024 SHA256:xhIC1uP5KGQyddTZkgh8gEiK9D5hKXazknz5+HdD2fs root@ubuntu-xenial (DSA)
<14>Apr 30 17:32:23 ec2: 256 SHA256:ga6HiER2O+OJibtpAKR1Gk/H5pf8Z/2zolhPzsj1KS0 root@ubuntu-xenial (ECDSA)
<14>Apr 30 17:32:23 ec2: 256 SHA256:ux5S8TuEeKQgLFTgFaKIY7/djo3Zz+44X94yJkJBMEc root@ubuntu-xenial (ED25519)
<14>Apr 30 17:32:23 ec2: 2048 SHA256:PlRr4wcMMfnw2UZFGKZoruD+ELp5U1knU5PNsP842Y0 root@ubuntu-xenial (RSA)
<14>Apr 30 17:32:23 ec2: -----END SSH HOST KEY FINGERPRINTS-----
<14>Apr 30 17:32:23 ec2: #############################################################
-----BEGIN SSH HOST KEY KEYS-----
ecdsa-sha2-nistp256 AAAAE2VjZHNhLXNoYTItbmlzdHAyNTYAAAAIbmlzdHAyNTYAAABBBJBfb/jwWfmRxspbKVAXKOhoj5TJl/AoO3pJHeE5bh6+CC28WxzhKKr6yoC4z9Fof/VzRPqk2vu2xXKC2SMT7LA= root@ubuntu-xenial
ssh-ed25519 AAAAC3NzaC1lZDI1NTE5AAAAIEVxIWRXi36FeUhZN+6FLtDgxVsxBWWVunuTrEdx8pdq root@ubuntu-xenial
ssh-rsa AAAAB3NzaC1yc2EAAAADAQABAAABAQDQuTOSdF7I2CLW3ttiq4z7qp8OxXP5WejQ9f/qzi/oFOpcKm+YTYpXyxUFQYQ4vZbJ1GhzFYzSA//7E8jLcG5iHd30FyWJjC5Mem9yOL9vozvKgBMNelM8iP9DKsZa/vvn+p6X2/h3o1YHUnUfP4EWj3yn9+fiHWdPrRMb5LGV/RYN0mPMA2Lu0sKnPoKgeMMq5P2i4HXQOHlKF2StL0jAxln97xIJXQhRIuav6ipal2xMCvKS/uCq8IeP4NfHep9qZiENVNz7JFLQ7v0PIcoffhrrefGm62okl0e5prO0AmyYE0v/kZ2/jS9notxxkyFarW7tshZZTVwgztCWikhL root@ubuntu-xenial
-----END SSH HOST KEY KEYS-----
[   29.711664] cloud-init[1547]: Cloud-init v. 21.1-19-gbad84ad4-0ubuntu1~16.04.2 running 'modules:final' at Sat, 30 Apr 2022 17:32:22 +0000. Up 29.40 seconds.
[   29.712479] cloud-init[1547]: ci-info: no authorized SSH keys fingerprints found for user ubuntu.
[   29.712871] cloud-init[1547]: Cloud-init v. 21.1-19-gbad84ad4-0ubuntu1~16.04.2 finished at Sat, 30 Apr 2022 17:32:23 +0000. Datasource DataSourceNoCloud [seed=/dev/sdb][dsmode=net].  Up 29.70 seconds
[[0;32m  OK  [0m] Stopped target Graphical Interface.
[[0;32m  OK  [0m] Stopped target Timers.
[[0;32m  OK  [0m] Stopped Message of the Day.
[[0;32m  OK  [0m] Closed Load/Save RF Kill Switch Status /dev/rfkill Watch.
         Stopping ACPI event daemon...
         Stopping User Manager for UID 1000...
[[0;32m  OK  [0m] Stopped target Cloud-init target.
[[0;32m  OK  [0m] Stopped Ubuntu Advantage Timer for running repeated jobs.
[[0;32m  OK  [0m] Stopped Execute cloud user/final scripts.
[[0;32m  OK  [0m] Stopped Apply the settings specified in cloud-config.
[[0;32m  OK  [0m] Stopped target Cloud-config availability.
[[0;32m  OK  [0m] Stopped Daily Cleanup of Temporary Directories.
         Stopping Authenticate and Authorize Users to Run Privileged Tasks...
[[0;32m  OK  [0m] Stopped Daily apt upgrade and clean activities.
[[0;32m  OK  [0m] Stopped Daily apt download activities.
[[0;32m  OK  [0m] Stopped target System Time Synchronized.
         Stopping Accounts Service...
         Stopping Session 4 of user vagrant.
         Stopping Session 2 of user vagrant.
[[0;32m  OK  [0m] Stopped target Multi-User System.
         Stopping Regular background program processing daemon...
         Stopping D-Bus System Message Bus...
         Stopping LXD - container startup/shutdown...
         Stopping LSB: Record successful boot for GRUB...
         Stopping MySQL Community Server...
         Stopping OpenBSD Secure Shell server...
[[0;32m  OK  [0m] Stopped target Login Prompts.
         Stopping Serial Getty on ttyS0...
         Stopping Getty on tty1...
         Stopping LSB: daemon to balance interrupts for SMP systems...
         Stopping LSB: automatic crash report generation...
         Stopping Deferred execution scheduler...
[[0;32m  OK  [0m] Stopped Wait until snapd is fully seeded.
         Stopping System Logging Service...
         Stopping FUSE filesystem for LXC...
         Stopping LSB: MD monitoring daemon...
         Stopping vboxadd-service.service...
         Stopping LSB: Set the CPU Frequency Scaling governor to "ondemand"...
[[0;32m  OK  [0m] Unmounted /var/lib/lxcfs.
[[0;32m  OK  [0m] Stopped Deferred execution scheduler.
[[0;32m  OK  [0m] Stopped ACPI event daemon.
[[0;32m  OK  [0m] Stopped Regular background program processing daemon.
[[0;32m  OK  [0m] Stopped System Logging Service.
[[0;32m  OK  [0m] Stopped Accounts Service.
[[0;32m  OK  [0m] Stopped Serial Getty on ttyS0.
[[0;32m  OK  [0m] Stopped Getty on tty1.
[[0;32m  OK  [0m] Stopped Authenticate and Authorize Users to Run Privileged Tasks.
[[0;32m  OK  [0m] Stopped OpenBSD Secure Shell server.
[[0;32m  OK  [0m] Stopped User Manager for UID 1000.
[[0;32m  OK  [0m] Stopped D-Bus System Message Bus.
[[0;32m  OK  [0m] Stopped Session 4 of user vagrant.
[[0;32m  OK  [0m] Stopped LXD - container startup/shutdown.
[[0;32m  OK  [0m] Removed slice system-getty.slice.
[[0;32m  OK  [0m] Removed slice system-serial\x2dgetty.slice.
[[0;32m  OK  [0m] Stopped /etc/rc.local Compatibility.
[[0;32m  OK  [0m] Stopped FUSE filesystem for LXC.
[[0;32m  OK  [0m] Stopped vboxadd-service.service.
[[0;32m  OK  [0m] Stopped LSB: Record successful boot for GRUB.
         Stopping vboxadd.service...
[[0;32m  OK  [0m] Stopped LSB: daemon to balance interrupts for SMP systems.
[[0;32m  OK  [0m] Stopped LSB: MD monitoring daemon.
[[0;32m  OK  [0m] Stopped LSB: Set the CPU Frequency Scaling governor to "ondemand".
[[0;32m  OK  [0m] Stopped LSB: automatic crash report generation.
[[0;32m  OK  [0m] Unmounted /vagrant.
[[0;32m  OK  [0m] Stopped vboxadd.service.
[[0;32m  OK  [0m] Stopped Session 2 of user vagrant.
[[0;32m  OK  [0m] Removed slice User Slice of vagrant.
         Stopping Permit User Sessions...
         Stopping Login Service...
[[0;32m  OK  [0m] Stopped Permit User Sessions.
[[0;32m  OK  [0m] Stopped target Remote File Systems.
[[0;32m  OK  [0m] Stopped target Remote File Systems (Pre).
         Stopping Login to default iSCSI targets...
[[0;32m  OK  [0m] Stopped Login Service.
[[0;32m  OK  [0m] Stopped target User and Group Name Lookups.
[[0;32m  OK  [0m] Stopped Login to default iSCSI targets.
         Stopping iSCSI initiator daemon (iscsid)...
[[0;32m  OK  [0m] Stopped iSCSI initiator daemon (iscsid).
[[0;32m  OK  [0m] Stopped target Network is Online.
[[0;32m  OK  [0m] Stopped MySQL Community Server.
[[0;32m  OK  [0m] Stopped target Network.
[[0;32m  OK  [0m] Stopped target Basic System.
[[0;32m  OK  [0m] Stopped target Paths.
[[0;32m  OK  [0m] Stopped Dispatch Password Requests to Console Directory Watch.
[[0;32m  OK  [0m] Stopped Trigger to poll for Ubuntu ...nly enabled on GCP LTS non-pro).
[[0;32m  OK  [0m] Stopped Forward Password Requests to Wall Directory Watch.
[[0;32m  OK  [0m] Stopped ACPI Events Check.
[[0;32m  OK  [0m] Stopped target Sockets.
[[0;32m  OK  [0m] Closed ACPID Listen Socket.
[[0;32m  OK  [0m] Closed UUID daemon activation socket.
[[0;32m  OK  [0m] Closed Syslog Socket.
[[0;32m  OK  [0m] Closed LXD - unix socket.
[[0;32m  OK  [0m] Closed D-Bus System Message Bus Socket.
[[0;32m  OK  [0m] Closed Socket activation for snappy daemon.
[[0;32m  OK  [0m] Stopped target System Initialization.
         Stopping Load/Save Random Seed...
[[0;32m  OK  [0m] Stopped Initial cloud-init job (metadata service crawler).
         Stopping Raise network interfaces...
[[0;32m  OK  [0m] Stopped target Swap.
[[0;32m  OK  [0m] Stopped Create Volatile Files and Directories.
[[0;32m  OK  [0m] Stopped target Encrypted Volumes.
[[0;32m  OK  [0m] Stopped Commit a transient machine-id on disk.
[[0;32m  OK  [0m] Stopped target Slices.
[[0;32m  OK  [0m] Removed slice User and Session Slice.
[[0;32m  OK  [0m] Stopped Load/Save Random Seed.
[[0;32m  OK  [0m] Stopped Raise network interfaces.
[[0;32m  OK  [0m] Stopped Apply Kernel Variables.
[[0;32m  OK  [0m] Stopped target Local File Systems.
         Unmounting /run/user/1000...
[[0;32m  OK  [0m] Stopped Load Kernel Modules.
[[0;32m  OK  [0m] Stopped target Network (Pre).
[[0;32m  OK  [0m] Stopped Initial cloud-init job (pre-networking).
[[0;32m  OK  [0m] Unmounted /run/user/1000.
[[0;32m  OK  [0m] Reached target Unmount All Filesystems.
[[0;32m  OK  [0m] Stopped target Local File Systems (Pre).
[[0;32m  OK  [0m] Stopped Create Static Device Nodes in /dev.
[[0;32m  OK  [0m] Stopped Remount Root and Kernel File Systems.
[[0;32m  OK  [0m] Reached target Shutdown.
[ 3934.652971] reboot: Power down
